22:47:44 **** Auto Build of configuration Debug for project Consolidated_330_SW ****
make all 
'Building file: ../src/clock/clockControl.c'
'Invoking: ARM g++ compiler'
arm-xilinx-eabi-g++ -Wall -O0 -g3 -I"C:\Users\cdmoo\Desktop\BYU_FALL_2016\ECEN_330\XilinxWorkspace\Labs\Consolidated_330_SW" -c -fmessage-length=0 -MT"src/clock/clockControl.o" -I../../Consolidated_330_SW_bsp/ps7_cortexa9_0/include -MMD -MP -MF"src/clock/clockControl.d" -MT"src/clock/clockControl.d" -o "src/clock/clockControl.o" "../src/clock/clockControl.c"
'Finished building: ../src/clock/clockControl.c'
' '
'Building target: Consolidated_330_SW.elf'
'Invoking: ARM g++ linker'
arm-xilinx-eabi-g++ -Wl,-T -Wl,../src/lscript.ld -L../../Consolidated_330_SW_bsp/ps7_cortexa9_0/lib -o "Consolidated_330_SW.elf"  ./supportFiles/Adafruit_GFX.o ./supportFiles/Adafruit_STMPE610.o ./supportFiles/Adafruit_TFTLCD.o ./supportFiles/Print.o ./supportFiles/WString.o ./supportFiles/bluetooth.o ./supportFiles/circularBuffer.o ./supportFiles/display.o ./supportFiles/glcdfont.o ./supportFiles/globalTimer.o ./supportFiles/interrupts.o ./supportFiles/lcd.o ./supportFiles/leds.o ./supportFiles/mio.o ./supportFiles/new.o ./supportFiles/spi.o ./supportFiles/tftGpio.o ./supportFiles/utils.o  ./src/switchesAndButtons/buttons.o ./src/switchesAndButtons/switches.o  ./src/intervalTimer/intervalTimer.o  ./src/clock/clockControl.o ./src/clock/clockDisplay.o ./src/clock/clockMain.o   -Wl,--start-group,-lxil,-lgcc,-lc,-lstdc++,--end-group
'Finished building target: Consolidated_330_SW.elf'
' '
'Invoking: ARM Print Size'
arm-xilinx-eabi-size Consolidated_330_SW.elf  |tee "Consolidated_330_SW.elf.size"
   text	   data	    bss	    dec	    hex	filename
 207820	   3192	6010280	6221292	 5eedec	Consolidated_330_SW.elf
'Finished building: Consolidated_330_SW.elf.size'
' '

22:47:45 Build Finished (took 1s.347ms)

