17:28:42 **** Build of project Consolidated_330_SW_bsp ****
make -k all 
"Running Make include in ps7_cortexa9_0/libsrc/axi_dispctrl_v1_00_a/src"
make -C ps7_cortexa9_0/libsrc/axi_dispctrl_v1_00_a/src -s include  "SHELL=CMD" "COMPILER=arm-xilinx-eabi-gcc" "ARCHIVER=arm-xilinx-eabi-ar" "COMPILER_FLAGS=  -O2 -c" "EXTRA_COMPILER_FLAGS=-g"
"Running Make include in ps7_cortexa9_0/libsrc/axi_i2s_adi_v1_00_a/src"
make -C ps7_cortexa9_0/libsrc/axi_i2s_adi_v1_00_a/src -s include  "SHELL=CMD" "COMPILER=arm-xilinx-eabi-gcc" "ARCHIVER=arm-xilinx-eabi-ar" "COMPILER_FLAGS=  -O2 -c" "EXTRA_COMPILER_FLAGS=-g"
"Running Make include in ps7_cortexa9_0/libsrc/axivdma_v5_0/src"
make -C ps7_cortexa9_0/libsrc/axivdma_v5_0/src -s include  "SHELL=CMD" "COMPILER=arm-xilinx-eabi-gcc" "ARCHIVER=arm-xilinx-eabi-ar" "COMPILER_FLAGS=  -O2 -c" "EXTRA_COMPILER_FLAGS=-g"
"Running Make include in ps7_cortexa9_0/libsrc/common_v1_00_a/src"
make -C ps7_cortexa9_0/libsrc/common_v1_00_a/src -s include  "SHELL=CMD" "COMPILER=arm-xilinx-eabi-gcc" "ARCHIVER=arm-xilinx-eabi-ar" "COMPILER_FLAGS=  -O2 -c" "EXTRA_COMPILER_FLAGS=-g"
"Running Make include in ps7_cortexa9_0/libsrc/cpu_cortexa9_v2_0/src"
make -C ps7_cortexa9_0/libsrc/cpu_cortexa9_v2_0/src -s include  "SHELL=CMD" "COMPILER=arm-xilinx-eabi-gcc" "ARCHIVER=arm-xilinx-eabi-ar" "COMPILER_FLAGS=  -O2 -c" "EXTRA_COMPILER_FLAGS=-g"
"Running Make include in ps7_cortexa9_0/libsrc/devcfg_v3_1/src"
make -C ps7_cortexa9_0/libsrc/devcfg_v3_1/src -s include  "SHELL=CMD" "COMPILER=arm-xilinx-eabi-gcc" "ARCHIVER=arm-xilinx-eabi-ar" "COMPILER_FLAGS=  -O2 -c" "EXTRA_COMPILER_FLAGS=-g"
"Running Make include in ps7_cortexa9_0/libsrc/dmaps_v2_0/src"
make -C ps7_cortexa9_0/libsrc/dmaps_v2_0/src -s include  "SHELL=CMD" "COMPILER=arm-xilinx-eabi-gcc" "ARCHIVER=arm-xilinx-eabi-ar" "COMPILER_FLAGS=  -O2 -c" "EXTRA_COMPILER_FLAGS=-g"
"Running Make include in ps7_cortexa9_0/libsrc/emacps_v2_0/src"
make -C ps7_cortexa9_0/libsrc/emacps_v2_0/src -s include  "SHELL=CMD" "COMPILER=arm-xilinx-eabi-gcc" "ARCHIVER=arm-xilinx-eabi-ar" "COMPILER_FLAGS=  -O2 -c" "EXTRA_COMPILER_FLAGS=-g"
"Running Make include in ps7_cortexa9_0/libsrc/gpio_v4_0/src"
make -C ps7_cortexa9_0/libsrc/gpio_v4_0/src -s include  "SHELL=CMD" "COMPILER=arm-xilinx-eabi-gcc" "ARCHIVER=arm-xilinx-eabi-ar" "COMPILER_FLAGS=  -O2 -c" "EXTRA_COMPILER_FLAGS=-g"
"Running Make include in ps7_cortexa9_0/libsrc/gpiops_v2_1/src"
make -C ps7_cortexa9_0/libsrc/gpiops_v2_1/src -s include  "SHELL=CMD" "COMPILER=arm-xilinx-eabi-gcc" "ARCHIVER=arm-xilinx-eabi-ar" "COMPILER_FLAGS=  -O2 -c" "EXTRA_COMPILER_FLAGS=-g"
"Running Make include in ps7_cortexa9_0/libsrc/iicps_v2_1/src"
make -C ps7_cortexa9_0/libsrc/iicps_v2_1/src -s include  "SHELL=CMD" "COMPILER=arm-xilinx-eabi-gcc" "ARCHIVER=arm-xilinx-eabi-ar" "COMPILER_FLAGS=  -O2 -c" "EXTRA_COMPILER_FLAGS=-g"
"Running Make include in ps7_cortexa9_0/libsrc/qspips_v3_0/src"
make -C ps7_cortexa9_0/libsrc/qspips_v3_0/src -s include  "SHELL=CMD" "COMPILER=arm-xilinx-eabi-gcc" "ARCHIVER=arm-xilinx-eabi-ar" "COMPILER_FLAGS=  -O2 -c" "EXTRA_COMPILER_FLAGS=-g"
"Running Make include in ps7_cortexa9_0/libsrc/scugic_v2_1/src"
make -C ps7_cortexa9_0/libsrc/scugic_v2_1/src -s include  "SHELL=CMD" "COMPILER=arm-xilinx-eabi-gcc" "ARCHIVER=arm-xilinx-eabi-ar" "COMPILER_FLAGS=  -O2 -c" "EXTRA_COMPILER_FLAGS=-g"
"Running Make include in ps7_cortexa9_0/libsrc/scutimer_v2_0/src"
make -C ps7_cortexa9_0/libsrc/scutimer_v2_0/src -s include  "SHELL=CMD" "COMPILER=arm-xilinx-eabi-gcc" "ARCHIVER=arm-xilinx-eabi-ar" "COMPILER_FLAGS=  -O2 -c" "EXTRA_COMPILER_FLAGS=-g"
"Running Make include in ps7_cortexa9_0/libsrc/scuwdt_v2_0/src"
make -C ps7_cortexa9_0/libsrc/scuwdt_v2_0/src -s include  "SHELL=CMD" "COMPILER=arm-xilinx-eabi-gcc" "ARCHIVER=arm-xilinx-eabi-ar" "COMPILER_FLAGS=  -O2 -c" "EXTRA_COMPILER_FLAGS=-g"
"Running Make include in ps7_cortexa9_0/libsrc/sdps_v2_1/src"
make -C ps7_cortexa9_0/libsrc/sdps_v2_1/src -s include  "SHELL=CMD" "COMPILER=arm-xilinx-eabi-gcc" "ARCHIVER=arm-xilinx-eabi-ar" "COMPILER_FLAGS=  -O2 -c" "EXTRA_COMPILER_FLAGS=-g"
"Running Make include in ps7_cortexa9_0/libsrc/spi_v4_0/src"
make -C ps7_cortexa9_0/libsrc/spi_v4_0/src -s include  "SHELL=CMD" "COMPILER=arm-xilinx-eabi-gcc" "ARCHIVER=arm-xilinx-eabi-ar" "COMPILER_FLAGS=  -O2 -c" "EXTRA_COMPILER_FLAGS=-g"
"Running Make include in ps7_cortexa9_0/libsrc/standalone_v4_1/src"
make -C ps7_cortexa9_0/libsrc/standalone_v4_1/src -s include  "SHELL=CMD" "COMPILER=arm-xilinx-eabi-gcc" "ARCHIVER=arm-xilinx-eabi-ar" "COMPILER_FLAGS=  -O2 -c" "EXTRA_COMPILER_FLAGS=-g"
"Running Make include in ps7_cortexa9_0/libsrc/sysmon_v6_0/src"
make -C ps7_cortexa9_0/libsrc/sysmon_v6_0/src -s include  "SHELL=CMD" "COMPILER=arm-xilinx-eabi-gcc" "ARCHIVER=arm-xilinx-eabi-ar" "COMPILER_FLAGS=  -O2 -c" "EXTRA_COMPILER_FLAGS=-g"
"Running Make include in ps7_cortexa9_0/libsrc/tmrctr_v3_0/src"
make -C ps7_cortexa9_0/libsrc/tmrctr_v3_0/src -s include  "SHELL=CMD" "COMPILER=arm-xilinx-eabi-gcc" "ARCHIVER=arm-xilinx-eabi-ar" "COMPILER_FLAGS=  -O2 -c" "EXTRA_COMPILER_FLAGS=-g"
"Running Make include in ps7_cortexa9_0/libsrc/uartlite_v3_0/src"
make -C ps7_cortexa9_0/libsrc/uartlite_v3_0/src -s include  "SHELL=CMD" "COMPILER=arm-xilinx-eabi-gcc" "ARCHIVER=arm-xilinx-eabi-ar" "COMPILER_FLAGS=  -O2 -c" "EXTRA_COMPILER_FLAGS=-g"
"Running Make include in ps7_cortexa9_0/libsrc/uartps_v2_1/src"
make -C ps7_cortexa9_0/libsrc/uartps_v2_1/src -s include  "SHELL=CMD" "COMPILER=arm-xilinx-eabi-gcc" "ARCHIVER=arm-xilinx-eabi-ar" "COMPILER_FLAGS=  -O2 -c" "EXTRA_COMPILER_FLAGS=-g"
"Running Make include in ps7_cortexa9_0/libsrc/usbps_v2_1/src"
make -C ps7_cortexa9_0/libsrc/usbps_v2_1/src -s include  "SHELL=CMD" "COMPILER=arm-xilinx-eabi-gcc" "ARCHIVER=arm-xilinx-eabi-ar" "COMPILER_FLAGS=  -O2 -c" "EXTRA_COMPILER_FLAGS=-g"
"Running Make include in ps7_cortexa9_0/libsrc/xadcps_v2_0/src"
make -C ps7_cortexa9_0/libsrc/xadcps_v2_0/src -s include  "SHELL=CMD" "COMPILER=arm-xilinx-eabi-gcc" "ARCHIVER=arm-xilinx-eabi-ar" "COMPILER_FLAGS=  -O2 -c" "EXTRA_COMPILER_FLAGS=-g"
"Running Make libs in ps7_cortexa9_0/libsrc/axi_dispctrl_v1_00_a/src"
make -C ps7_cortexa9_0/libsrc/axi_dispctrl_v1_00_a/src -s libs  "SHELL=CMD" "COMPILER=arm-xilinx-eabi-gcc" "ARCHIVER=arm-xilinx-eabi-ar" "COMPILER_FLAGS=  -O2 -c" "EXTRA_COMPILER_FLAGS=-g"
"Compiling axi_dispctrl..."
In file included from axi_dispctrl.h:7:0,
                 from axi_dispctrl.c:4:
../../../include/xbasic_types.h:124:2: warning: #warning The xbasics_type.h file is deprecated and users should use xil_types.h and xil_assert. [-Wcpp]
 #warning  The xbasics_type.h file is deprecated and users should use xil_types.h and xil_assert.
  ^
../../../include/xbasic_types.h:125:2: warning: #warning Please refer the Standalone BSP UG647 for further details [-Wcpp]
 #warning  Please refer the Standalone BSP UG647 for further details
  ^
In file included from axi_dispctrl.h:7:0,
                 from axi_dispctrl_selftest.c:3:
../../../include/xbasic_types.h:124:2: warning: #warning The xbasics_type.h file is deprecated and users should use xil_types.h and xil_assert. [-Wcpp]
 #warning  The xbasics_type.h file is deprecated and users should use xil_types.h and xil_assert.
  ^
../../../include/xbasic_types.h:125:2: warning: #warning Please refer the Standalone BSP UG647 for further details [-Wcpp]
 #warning  Please refer the Standalone BSP UG647 for further details
  ^
"Running Make libs in ps7_cortexa9_0/libsrc/axi_i2s_adi_v1_00_a/src"
make -C ps7_cortexa9_0/libsrc/axi_i2s_adi_v1_00_a/src -s libs  "SHELL=CMD" "COMPILER=arm-xilinx-eabi-gcc" "ARCHIVER=arm-xilinx-eabi-ar" "COMPILER_FLAGS=  -O2 -c" "EXTRA_COMPILER_FLAGS=-g"
"Compiling axi_i2s_adi..."
In file included from axi_i2s_adi.h:7:0,
                 from axi_i2s_adi.c:4:
../../../include/xbasic_types.h:124:2: warning: #warning The xbasics_type.h file is deprecated and users should use xil_types.h and xil_assert. [-Wcpp]
 #warning  The xbasics_type.h file is deprecated and users should use xil_types.h and xil_assert.
  ^
../../../include/xbasic_types.h:125:2: warning: #warning Please refer the Standalone BSP UG647 for further details [-Wcpp]
 #warning  Please refer the Standalone BSP UG647 for further details
  ^
In file included from axi_i2s_adi.h:7:0,
                 from axi_i2s_adi_selftest.c:3:
../../../include/xbasic_types.h:124:2: warning: #warning The xbasics_type.h file is deprecated and users should use xil_types.h and xil_assert. [-Wcpp]
 #warning  The xbasics_type.h file is deprecated and users should use xil_types.h and xil_assert.
  ^
../../../include/xbasic_types.h:125:2: warning: #warning Please refer the Standalone BSP UG647 for further details [-Wcpp]
 #warning  Please refer the Standalone BSP UG647 for further details
  ^
"Running Make libs in ps7_cortexa9_0/libsrc/axivdma_v5_0/src"
make -C ps7_cortexa9_0/libsrc/axivdma_v5_0/src -s libs  "SHELL=CMD" "COMPILER=arm-xilinx-eabi-gcc" "ARCHIVER=arm-xilinx-eabi-ar" "COMPILER_FLAGS=  -O2 -c" "EXTRA_COMPILER_FLAGS=-g"
"Compiling axivdma"
"Running Make libs in ps7_cortexa9_0/libsrc/common_v1_00_a/src"
make -C ps7_cortexa9_0/libsrc/common_v1_00_a/src -s libs  "SHELL=CMD" "COMPILER=arm-xilinx-eabi-gcc" "ARCHIVER=arm-xilinx-eabi-ar" "COMPILER_FLAGS=  -O2 -c" "EXTRA_COMPILER_FLAGS=-g"
"Compiling common"
"Running Make libs in ps7_cortexa9_0/libsrc/cpu_cortexa9_v2_0/src"
make -C ps7_cortexa9_0/libsrc/cpu_cortexa9_v2_0/src -s libs  "SHELL=CMD" "COMPILER=arm-xilinx-eabi-gcc" "ARCHIVER=arm-xilinx-eabi-ar" "COMPILER_FLAGS=  -O2 -c" "EXTRA_COMPILER_FLAGS=-g"
"Compiling cpu_cortexa9"
"Running Make libs in ps7_cortexa9_0/libsrc/devcfg_v3_1/src"
make -C ps7_cortexa9_0/libsrc/devcfg_v3_1/src -s libs  "SHELL=CMD" "COMPILER=arm-xilinx-eabi-gcc" "ARCHIVER=arm-xilinx-eabi-ar" "COMPILER_FLAGS=  -O2 -c" "EXTRA_COMPILER_FLAGS=-g"
"Compiling devcfg"
"Running Make libs in ps7_cortexa9_0/libsrc/dmaps_v2_0/src"
make -C ps7_cortexa9_0/libsrc/dmaps_v2_0/src -s libs  "SHELL=CMD" "COMPILER=arm-xilinx-eabi-gcc" "ARCHIVER=arm-xilinx-eabi-ar" "COMPILER_FLAGS=  -O2 -c" "EXTRA_COMPILER_FLAGS=-g"
"Compiling dmaps"
"Running Make libs in ps7_cortexa9_0/libsrc/emacps_v2_0/src"
make -C ps7_cortexa9_0/libsrc/emacps_v2_0/src -s libs  "SHELL=CMD" "COMPILER=arm-xilinx-eabi-gcc" "ARCHIVER=arm-xilinx-eabi-ar" "COMPILER_FLAGS=  -O2 -c" "EXTRA_COMPILER_FLAGS=-g"
"Compiling emacps"
"Running Make libs in ps7_cortexa9_0/libsrc/gpio_v4_0/src"
make -C ps7_cortexa9_0/libsrc/gpio_v4_0/src -s libs  "SHELL=CMD" "COMPILER=arm-xilinx-eabi-gcc" "ARCHIVER=arm-xilinx-eabi-ar" "COMPILER_FLAGS=  -O2 -c" "EXTRA_COMPILER_FLAGS=-g"
"Compiling gpio"
"Running Make libs in ps7_cortexa9_0/libsrc/gpiops_v2_1/src"
make -C ps7_cortexa9_0/libsrc/gpiops_v2_1/src -s libs  "SHELL=CMD" "COMPILER=arm-xilinx-eabi-gcc" "ARCHIVER=arm-xilinx-eabi-ar" "COMPILER_FLAGS=  -O2 -c" "EXTRA_COMPILER_FLAGS=-g"
"Compiling gpiops"
"Running Make libs in ps7_cortexa9_0/libsrc/iicps_v2_1/src"
make -C ps7_cortexa9_0/libsrc/iicps_v2_1/src -s libs  "SHELL=CMD" "COMPILER=arm-xilinx-eabi-gcc" "ARCHIVER=arm-xilinx-eabi-ar" "COMPILER_FLAGS=  -O2 -c" "EXTRA_COMPILER_FLAGS=-g"
"Compiling iicps"
"Running Make libs in ps7_cortexa9_0/libsrc/qspips_v3_0/src"
make -C ps7_cortexa9_0/libsrc/qspips_v3_0/src -s libs  "SHELL=CMD" "COMPILER=arm-xilinx-eabi-gcc" "ARCHIVER=arm-xilinx-eabi-ar" "COMPILER_FLAGS=  -O2 -c" "EXTRA_COMPILER_FLAGS=-g"
"Compiling qspips"
"Running Make libs in ps7_cortexa9_0/libsrc/scugic_v2_1/src"
make -C ps7_cortexa9_0/libsrc/scugic_v2_1/src -s libs  "SHELL=CMD" "COMPILER=arm-xilinx-eabi-gcc" "ARCHIVER=arm-xilinx-eabi-ar" "COMPILER_FLAGS=  -O2 -c" "EXTRA_COMPILER_FLAGS=-g"
"Compiling scugic"
"Running Make libs in ps7_cortexa9_0/libsrc/scutimer_v2_0/src"
make -C ps7_cortexa9_0/libsrc/scutimer_v2_0/src -s libs  "SHELL=CMD" "COMPILER=arm-xilinx-eabi-gcc" "ARCHIVER=arm-xilinx-eabi-ar" "COMPILER_FLAGS=  -O2 -c" "EXTRA_COMPILER_FLAGS=-g"
"Compiling scutimer"
"Running Make libs in ps7_cortexa9_0/libsrc/scuwdt_v2_0/src"
make -C ps7_cortexa9_0/libsrc/scuwdt_v2_0/src -s libs  "SHELL=CMD" "COMPILER=arm-xilinx-eabi-gcc" "ARCHIVER=arm-xilinx-eabi-ar" "COMPILER_FLAGS=  -O2 -c" "EXTRA_COMPILER_FLAGS=-g"
"Compiling scuwdt"
"Running Make libs in ps7_cortexa9_0/libsrc/sdps_v2_1/src"
make -C ps7_cortexa9_0/libsrc/sdps_v2_1/src -s libs  "SHELL=CMD" "COMPILER=arm-xilinx-eabi-gcc" "ARCHIVER=arm-xilinx-eabi-ar" "COMPILER_FLAGS=  -O2 -c" "EXTRA_COMPILER_FLAGS=-g"
"Compiling sdps"
"Running Make libs in ps7_cortexa9_0/libsrc/spi_v4_0/src"
make -C ps7_cortexa9_0/libsrc/spi_v4_0/src -s libs  "SHELL=CMD" "COMPILER=arm-xilinx-eabi-gcc" "ARCHIVER=arm-xilinx-eabi-ar" "COMPILER_FLAGS=  -O2 -c" "EXTRA_COMPILER_FLAGS=-g"
"Compiling spi"
"Running Make libs in ps7_cortexa9_0/libsrc/standalone_v4_1/src"
make -C ps7_cortexa9_0/libsrc/standalone_v4_1/src -s libs  "SHELL=CMD" "COMPILER=arm-xilinx-eabi-gcc" "ARCHIVER=arm-xilinx-eabi-ar" "COMPILER_FLAGS=  -O2 -c" "EXTRA_COMPILER_FLAGS=-g"
"Compiling standalone"
"Running Make libs in ps7_cortexa9_0/libsrc/sysmon_v6_0/src"
make -C ps7_cortexa9_0/libsrc/sysmon_v6_0/src -s libs  "SHELL=CMD" "COMPILER=arm-xilinx-eabi-gcc" "ARCHIVER=arm-xilinx-eabi-ar" "COMPILER_FLAGS=  -O2 -c" "EXTRA_COMPILER_FLAGS=-g"
"Compiling sysmon"
"Running Make libs in ps7_cortexa9_0/libsrc/tmrctr_v3_0/src"
make -C ps7_cortexa9_0/libsrc/tmrctr_v3_0/src -s libs  "SHELL=CMD" "COMPILER=arm-xilinx-eabi-gcc" "ARCHIVER=arm-xilinx-eabi-ar" "COMPILER_FLAGS=  -O2 -c" "EXTRA_COMPILER_FLAGS=-g"
"Compiling tmrctr"
"Running Make libs in ps7_cortexa9_0/libsrc/uartlite_v3_0/src"
make -C ps7_cortexa9_0/libsrc/uartlite_v3_0/src -s libs  "SHELL=CMD" "COMPILER=arm-xilinx-eabi-gcc" "ARCHIVER=arm-xilinx-eabi-ar" "COMPILER_FLAGS=  -O2 -c" "EXTRA_COMPILER_FLAGS=-g"
"Compiling uartlite"
"Running Make libs in ps7_cortexa9_0/libsrc/uartps_v2_1/src"
make -C ps7_cortexa9_0/libsrc/uartps_v2_1/src -s libs  "SHELL=CMD" "COMPILER=arm-xilinx-eabi-gcc" "ARCHIVER=arm-xilinx-eabi-ar" "COMPILER_FLAGS=  -O2 -c" "EXTRA_COMPILER_FLAGS=-g"
"Compiling uartps"
"Running Make libs in ps7_cortexa9_0/libsrc/usbps_v2_1/src"
make -C ps7_cortexa9_0/libsrc/usbps_v2_1/src -s libs  "SHELL=CMD" "COMPILER=arm-xilinx-eabi-gcc" "ARCHIVER=arm-xilinx-eabi-ar" "COMPILER_FLAGS=  -O2 -c" "EXTRA_COMPILER_FLAGS=-g"
"Compiling usbps"
"Running Make libs in ps7_cortexa9_0/libsrc/xadcps_v2_0/src"
make -C ps7_cortexa9_0/libsrc/xadcps_v2_0/src -s libs  "SHELL=CMD" "COMPILER=arm-xilinx-eabi-gcc" "ARCHIVER=arm-xilinx-eabi-ar" "COMPILER_FLAGS=  -O2 -c" "EXTRA_COMPILER_FLAGS=-g"
"Compiling xadcps"
'Finished building libraries'
17:29:21 **** Clean-only build of configuration Debug for project Consolidated_330_SW ****
make clean 
rm -rf  ./supportFiles/Adafruit_GFX.o ./supportFiles/Adafruit_STMPE610.o ./supportFiles/Adafruit_TFTLCD.o ./supportFiles/Print.o ./supportFiles/WString.o ./supportFiles/bluetooth.o ./supportFiles/circularBuffer.o ./supportFiles/display.o ./supportFiles/glcdfont.o ./supportFiles/globalTimer.o ./supportFiles/interrupts.o ./supportFiles/lcd.o ./supportFiles/leds.o ./supportFiles/mio.o ./supportFiles/new.o ./supportFiles/spi.o ./supportFiles/tftGpio.o ./supportFiles/utils.o  ./src/helloWorld/main.o  ./supportFiles/bluetooth.d ./supportFiles/circularBuffer.d ./supportFiles/glcdfont.d ./supportFiles/globalTimer.d ./supportFiles/interrupts.d ./supportFiles/lcd.d ./supportFiles/leds.d ./supportFiles/mio.d ./supportFiles/spi.d ./supportFiles/tftGpio.d  ./src/helloWorld/main.d  ./supportFiles/Adafruit_GFX.d ./supportFiles/Adafruit_STMPE610.d ./supportFiles/Adafruit_TFTLCD.d ./supportFiles/Print.d ./supportFiles/WString.d ./supportFiles/display.d ./supportFiles/new.d ./supportFiles/utils.d  Consolidated_330_SW.elf.size  Consolidated_330_SW.elf
' '
17:29:22 **** Build of configuration Debug for project Consolidated_330_SW ****
make all 
'Building file: ../supportFiles/Adafruit_GFX.cpp'
'Invoking: ARM g++ compiler'
arm-xilinx-eabi-g++ -Wall -O0 -g3 -I"C:\Users\cdmoo\Desktop\BYU_FALL_2016\ECEN_330\XilinxWorkspace\Labs\Consolidated_330_SW" -c -fmessage-length=0 -I../../Consolidated_330_SW_bsp/ps7_cortexa9_0/include -MMD -MP -MF"supportFiles/Adafruit_GFX.d" -MT"supportFiles/Adafruit_GFX.d" -o "supportFiles/Adafruit_GFX.o" "../supportFiles/Adafruit_GFX.cpp"
'Finished building: ../supportFiles/Adafruit_GFX.cpp'
' '
'Building file: ../supportFiles/Adafruit_STMPE610.cpp'
'Invoking: ARM g++ compiler'
arm-xilinx-eabi-g++ -Wall -O0 -g3 -I"C:\Users\cdmoo\Desktop\BYU_FALL_2016\ECEN_330\XilinxWorkspace\Labs\Consolidated_330_SW" -c -fmessage-length=0 -I../../Consolidated_330_SW_bsp/ps7_cortexa9_0/include -MMD -MP -MF"supportFiles/Adafruit_STMPE610.d" -MT"supportFiles/Adafruit_STMPE610.d" -o "supportFiles/Adafruit_STMPE610.o" "../supportFiles/Adafruit_STMPE610.cpp"
'Finished building: ../supportFiles/Adafruit_STMPE610.cpp'
' '
'Building file: ../supportFiles/Adafruit_TFTLCD.cpp'
'Invoking: ARM g++ compiler'
arm-xilinx-eabi-g++ -Wall -O0 -g3 -I"C:\Users\cdmoo\Desktop\BYU_FALL_2016\ECEN_330\XilinxWorkspace\Labs\Consolidated_330_SW" -c -fmessage-length=0 -I../../Consolidated_330_SW_bsp/ps7_cortexa9_0/include -MMD -MP -MF"supportFiles/Adafruit_TFTLCD.d" -MT"supportFiles/Adafruit_TFTLCD.d" -o "supportFiles/Adafruit_TFTLCD.o" "../supportFiles/Adafruit_TFTLCD.cpp"
'Finished building: ../supportFiles/Adafruit_TFTLCD.cpp'
' '
'Building file: ../supportFiles/Print.cpp'
'Invoking: ARM g++ compiler'
arm-xilinx-eabi-g++ -Wall -O0 -g3 -I"C:\Users\cdmoo\Desktop\BYU_FALL_2016\ECEN_330\XilinxWorkspace\Labs\Consolidated_330_SW" -c -fmessage-length=0 -I../../Consolidated_330_SW_bsp/ps7_cortexa9_0/include -MMD -MP -MF"supportFiles/Print.d" -MT"supportFiles/Print.d" -o "supportFiles/Print.o" "../supportFiles/Print.cpp"
'Finished building: ../supportFiles/Print.cpp'
' '
'Building file: ../supportFiles/WString.cpp'
'Invoking: ARM g++ compiler'
arm-xilinx-eabi-g++ -Wall -O0 -g3 -I"C:\Users\cdmoo\Desktop\BYU_FALL_2016\ECEN_330\XilinxWorkspace\Labs\Consolidated_330_SW" -c -fmessage-length=0 -I../../Consolidated_330_SW_bsp/ps7_cortexa9_0/include -MMD -MP -MF"supportFiles/WString.d" -MT"supportFiles/WString.d" -o "supportFiles/WString.o" "../supportFiles/WString.cpp"
'Finished building: ../supportFiles/WString.cpp'
' '
'Building file: ../supportFiles/bluetooth.c'
'Invoking: ARM g++ compiler'
arm-xilinx-eabi-g++ -Wall -O0 -g3 -I"C:\Users\cdmoo\Desktop\BYU_FALL_2016\ECEN_330\XilinxWorkspace\Labs\Consolidated_330_SW" -c -fmessage-length=0 -I../../Consolidated_330_SW_bsp/ps7_cortexa9_0/include -MMD -MP -MF"supportFiles/bluetooth.d" -MT"supportFiles/bluetooth.d" -o "supportFiles/bluetooth.o" "../supportFiles/bluetooth.c"
'Finished building: ../supportFiles/bluetooth.c'
' '
'Building file: ../supportFiles/circularBuffer.c'
'Invoking: ARM g++ compiler'
arm-xilinx-eabi-g++ -Wall -O0 -g3 -I"C:\Users\cdmoo\Desktop\BYU_FALL_2016\ECEN_330\XilinxWorkspace\Labs\Consolidated_330_SW" -c -fmessage-length=0 -I../../Consolidated_330_SW_bsp/ps7_cortexa9_0/include -MMD -MP -MF"supportFiles/circularBuffer.d" -MT"supportFiles/circularBuffer.d" -o "supportFiles/circularBuffer.o" "../supportFiles/circularBuffer.c"
'Finished building: ../supportFiles/circularBuffer.c'
' '
'Building file: ../supportFiles/display.cpp'
'Invoking: ARM g++ compiler'
arm-xilinx-eabi-g++ -Wall -O0 -g3 -I"C:\Users\cdmoo\Desktop\BYU_FALL_2016\ECEN_330\XilinxWorkspace\Labs\Consolidated_330_SW" -c -fmessage-length=0 -I../../Consolidated_330_SW_bsp/ps7_cortexa9_0/include -MMD -MP -MF"supportFiles/display.d" -MT"supportFiles/display.d" -o "supportFiles/display.o" "../supportFiles/display.cpp"
'Finished building: ../supportFiles/display.cpp'
' '
'Building file: ../supportFiles/glcdfont.c'
'Invoking: ARM g++ compiler'
arm-xilinx-eabi-g++ -Wall -O0 -g3 -I"C:\Users\cdmoo\Desktop\BYU_FALL_2016\ECEN_330\XilinxWorkspace\Labs\Consolidated_330_SW" -c -fmessage-length=0 -I../../Consolidated_330_SW_bsp/ps7_cortexa9_0/include -MMD -MP -MF"supportFiles/glcdfont.d" -MT"supportFiles/glcdfont.d" -o "supportFiles/glcdfont.o" "../supportFiles/glcdfont.c"
'Finished building: ../supportFiles/glcdfont.c'
' '
'Building file: ../supportFiles/globalTimer.c'
'Invoking: ARM g++ compiler'
arm-xilinx-eabi-g++ -Wall -O0 -g3 -I"C:\Users\cdmoo\Desktop\BYU_FALL_2016\ECEN_330\XilinxWorkspace\Labs\Consolidated_330_SW" -c -fmessage-length=0 -I../../Consolidated_330_SW_bsp/ps7_cortexa9_0/include -MMD -MP -MF"supportFiles/globalTimer.d" -MT"supportFiles/globalTimer.d" -o "supportFiles/globalTimer.o" "../supportFiles/globalTimer.c"
'Finished building: ../supportFiles/globalTimer.c'
' '
'Building file: ../supportFiles/interrupts.c'
'Invoking: ARM g++ compiler'
arm-xilinx-eabi-g++ -Wall -O0 -g3 -I"C:\Users\cdmoo\Desktop\BYU_FALL_2016\ECEN_330\XilinxWorkspace\Labs\Consolidated_330_SW" -c -fmessage-length=0 -I../../Consolidated_330_SW_bsp/ps7_cortexa9_0/include -MMD -MP -MF"supportFiles/interrupts.d" -MT"supportFiles/interrupts.d" -o "supportFiles/interrupts.o" "../supportFiles/interrupts.c"
'Finished building: ../supportFiles/interrupts.c'
' '
'Building file: ../supportFiles/lcd.c'
'Invoking: ARM g++ compiler'
arm-xilinx-eabi-g++ -Wall -O0 -g3 -I"C:\Users\cdmoo\Desktop\BYU_FALL_2016\ECEN_330\XilinxWorkspace\Labs\Consolidated_330_SW" -c -fmessage-length=0 -I../../Consolidated_330_SW_bsp/ps7_cortexa9_0/include -MMD -MP -MF"supportFiles/lcd.d" -MT"supportFiles/lcd.d" -o "supportFiles/lcd.o" "../supportFiles/lcd.c"
'Finished building: ../supportFiles/lcd.c'
' '
'Building file: ../supportFiles/leds.c'
'Invoking: ARM g++ compiler'
arm-xilinx-eabi-g++ -Wall -O0 -g3 -I"C:\Users\cdmoo\Desktop\BYU_FALL_2016\ECEN_330\XilinxWorkspace\Labs\Consolidated_330_SW" -c -fmessage-length=0 -I../../Consolidated_330_SW_bsp/ps7_cortexa9_0/include -MMD -MP -MF"supportFiles/leds.d" -MT"supportFiles/leds.d" -o "supportFiles/leds.o" "../supportFiles/leds.c"
'Finished building: ../supportFiles/leds.c'
' '
'Building file: ../supportFiles/mio.c'
'Invoking: ARM g++ compiler'
arm-xilinx-eabi-g++ -Wall -O0 -g3 -I"C:\Users\cdmoo\Desktop\BYU_FALL_2016\ECEN_330\XilinxWorkspace\Labs\Consolidated_330_SW" -c -fmessage-length=0 -I../../Consolidated_330_SW_bsp/ps7_cortexa9_0/include -MMD -MP -MF"supportFiles/mio.d" -MT"supportFiles/mio.d" -o "supportFiles/mio.o" "../supportFiles/mio.c"
'Finished building: ../supportFiles/mio.c'
' '
'Building file: ../supportFiles/new.cpp'
'Invoking: ARM g++ compiler'
arm-xilinx-eabi-g++ -Wall -O0 -g3 -I"C:\Users\cdmoo\Desktop\BYU_FALL_2016\ECEN_330\XilinxWorkspace\Labs\Consolidated_330_SW" -c -fmessage-length=0 -I../../Consolidated_330_SW_bsp/ps7_cortexa9_0/include -MMD -MP -MF"supportFiles/new.d" -MT"supportFiles/new.d" -o "supportFiles/new.o" "../supportFiles/new.cpp"
'Finished building: ../supportFiles/new.cpp'
' '
'Building file: ../supportFiles/spi.c'
'Invoking: ARM g++ compiler'
arm-xilinx-eabi-g++ -Wall -O0 -g3 -I"C:\Users\cdmoo\Desktop\BYU_FALL_2016\ECEN_330\XilinxWorkspace\Labs\Consolidated_330_SW" -c -fmessage-length=0 -I../../Consolidated_330_SW_bsp/ps7_cortexa9_0/include -MMD -MP -MF"supportFiles/spi.d" -MT"supportFiles/spi.d" -o "supportFiles/spi.o" "../supportFiles/spi.c"
'Finished building: ../supportFiles/spi.c'
' '
'Building file: ../supportFiles/tftGpio.c'
'Invoking: ARM g++ compiler'
arm-xilinx-eabi-g++ -Wall -O0 -g3 -I"C:\Users\cdmoo\Desktop\BYU_FALL_2016\ECEN_330\XilinxWorkspace\Labs\Consolidated_330_SW" -c -fmessage-length=0 -I../../Consolidated_330_SW_bsp/ps7_cortexa9_0/include -MMD -MP -MF"supportFiles/tftGpio.d" -MT"supportFiles/tftGpio.d" -o "supportFiles/tftGpio.o" "../supportFiles/tftGpio.c"
'Finished building: ../supportFiles/tftGpio.c'
' '
'Building file: ../supportFiles/utils.cpp'
'Invoking: ARM g++ compiler'
arm-xilinx-eabi-g++ -Wall -O0 -g3 -I"C:\Users\cdmoo\Desktop\BYU_FALL_2016\ECEN_330\XilinxWorkspace\Labs\Consolidated_330_SW" -c -fmessage-length=0 -I../../Consolidated_330_SW_bsp/ps7_cortexa9_0/include -MMD -MP -MF"supportFiles/utils.d" -MT"supportFiles/utils.d" -o "supportFiles/utils.o" "../supportFiles/utils.cpp"
'Finished building: ../supportFiles/utils.cpp'
' '
'Building file: ../src/helloWorld/main.c'
'Invoking: ARM g++ compiler'
arm-xilinx-eabi-g++ -Wall -O0 -g3 -I"C:\Users\cdmoo\Desktop\BYU_FALL_2016\ECEN_330\XilinxWorkspace\Labs\Consolidated_330_SW" -c -fmessage-length=0 -I../../Consolidated_330_SW_bsp/ps7_cortexa9_0/include -MMD -MP -MF"src/helloWorld/main.d" -MT"src/helloWorld/main.d" -o "src/helloWorld/main.o" "../src/helloWorld/main.c"
'Finished building: ../src/helloWorld/main.c'
' '
'Building target: Consolidated_330_SW.elf'
'Invoking: ARM g++ linker'
arm-xilinx-eabi-g++ -Wl,-T -Wl,../src/lscript.ld -L../../Consolidated_330_SW_bsp/ps7_cortexa9_0/lib -o "Consolidated_330_SW.elf"  ./supportFiles/Adafruit_GFX.o ./supportFiles/Adafruit_STMPE610.o ./supportFiles/Adafruit_TFTLCD.o ./supportFiles/Print.o ./supportFiles/WString.o ./supportFiles/bluetooth.o ./supportFiles/circularBuffer.o ./supportFiles/display.o ./supportFiles/glcdfont.o ./supportFiles/globalTimer.o ./supportFiles/interrupts.o ./supportFiles/lcd.o ./supportFiles/leds.o ./supportFiles/mio.o ./supportFiles/new.o ./supportFiles/spi.o ./supportFiles/tftGpio.o ./supportFiles/utils.o  ./src/helloWorld/main.o   -Wl,--start-group,-lxil,-lgcc,-lc,-lstdc++,--end-group
'Finished building target: Consolidated_330_SW.elf'
' '
'Invoking: ARM Print Size'
arm-xilinx-eabi-size Consolidated_330_SW.elf  |tee "Consolidated_330_SW.elf.size"
   text	   data	    bss	    dec	    hex	filename
 199276	   3184	3010216	3212676	 310584	Consolidated_330_SW.elf
'Finished building: Consolidated_330_SW.elf.size'
' '
17:29:37 **** Build of project zynq_fsbl_bsp ****
make -k all 
"Running Make include in ps7_cortexa9_0/libsrc/axi_dispctrl_v1_00_a/src"
make -C ps7_cortexa9_0/libsrc/axi_dispctrl_v1_00_a/src -s include  "SHELL=CMD" "COMPILER=arm-xilinx-eabi-gcc" "ARCHIVER=arm-xilinx-eabi-ar" "COMPILER_FLAGS=  -O2 -c" "EXTRA_COMPILER_FLAGS=-g"
"Running Make include in ps7_cortexa9_0/libsrc/axi_i2s_adi_v1_00_a/src"
make -C ps7_cortexa9_0/libsrc/axi_i2s_adi_v1_00_a/src -s include  "SHELL=CMD" "COMPILER=arm-xilinx-eabi-gcc" "ARCHIVER=arm-xilinx-eabi-ar" "COMPILER_FLAGS=  -O2 -c" "EXTRA_COMPILER_FLAGS=-g"
"Running Make include in ps7_cortexa9_0/libsrc/axivdma_v5_0/src"
make -C ps7_cortexa9_0/libsrc/axivdma_v5_0/src -s include  "SHELL=CMD" "COMPILER=arm-xilinx-eabi-gcc" "ARCHIVER=arm-xilinx-eabi-ar" "COMPILER_FLAGS=  -O2 -c" "EXTRA_COMPILER_FLAGS=-g"
"Running Make include in ps7_cortexa9_0/libsrc/common_v1_00_a/src"
make -C ps7_cortexa9_0/libsrc/common_v1_00_a/src -s include  "SHELL=CMD" "COMPILER=arm-xilinx-eabi-gcc" "ARCHIVER=arm-xilinx-eabi-ar" "COMPILER_FLAGS=  -O2 -c" "EXTRA_COMPILER_FLAGS=-g"
"Running Make include in ps7_cortexa9_0/libsrc/cpu_cortexa9_v2_0/src"
make -C ps7_cortexa9_0/libsrc/cpu_cortexa9_v2_0/src -s include  "SHELL=CMD" "COMPILER=arm-xilinx-eabi-gcc" "ARCHIVER=arm-xilinx-eabi-ar" "COMPILER_FLAGS=  -O2 -c" "EXTRA_COMPILER_FLAGS=-g"
"Running Make include in ps7_cortexa9_0/libsrc/devcfg_v3_1/src"
make -C ps7_cortexa9_0/libsrc/devcfg_v3_1/src -s include  "SHELL=CMD" "COMPILER=arm-xilinx-eabi-gcc" "ARCHIVER=arm-xilinx-eabi-ar" "COMPILER_FLAGS=  -O2 -c" "EXTRA_COMPILER_FLAGS=-g"
"Running Make include in ps7_cortexa9_0/libsrc/dmaps_v2_0/src"
make -C ps7_cortexa9_0/libsrc/dmaps_v2_0/src -s include  "SHELL=CMD" "COMPILER=arm-xilinx-eabi-gcc" "ARCHIVER=arm-xilinx-eabi-ar" "COMPILER_FLAGS=  -O2 -c" "EXTRA_COMPILER_FLAGS=-g"
"Running Make include in ps7_cortexa9_0/libsrc/emacps_v2_0/src"
make -C ps7_cortexa9_0/libsrc/emacps_v2_0/src -s include  "SHELL=CMD" "COMPILER=arm-xilinx-eabi-gcc" "ARCHIVER=arm-xilinx-eabi-ar" "COMPILER_FLAGS=  -O2 -c" "EXTRA_COMPILER_FLAGS=-g"
"Running Make include in ps7_cortexa9_0/libsrc/gpio_v4_0/src"
make -C ps7_cortexa9_0/libsrc/gpio_v4_0/src -s include  "SHELL=CMD" "COMPILER=arm-xilinx-eabi-gcc" "ARCHIVER=arm-xilinx-eabi-ar" "COMPILER_FLAGS=  -O2 -c" "EXTRA_COMPILER_FLAGS=-g"
"Running Make include in ps7_cortexa9_0/libsrc/gpiops_v2_1/src"
make -C ps7_cortexa9_0/libsrc/gpiops_v2_1/src -s include  "SHELL=CMD" "COMPILER=arm-xilinx-eabi-gcc" "ARCHIVER=arm-xilinx-eabi-ar" "COMPILER_FLAGS=  -O2 -c" "EXTRA_COMPILER_FLAGS=-g"
"Running Make include in ps7_cortexa9_0/libsrc/iicps_v2_1/src"
make -C ps7_cortexa9_0/libsrc/iicps_v2_1/src -s include  "SHELL=CMD" "COMPILER=arm-xilinx-eabi-gcc" "ARCHIVER=arm-xilinx-eabi-ar" "COMPILER_FLAGS=  -O2 -c" "EXTRA_COMPILER_FLAGS=-g"
"Running Make include in ps7_cortexa9_0/libsrc/qspips_v3_0/src"
make -C ps7_cortexa9_0/libsrc/qspips_v3_0/src -s include  "SHELL=CMD" "COMPILER=arm-xilinx-eabi-gcc" "ARCHIVER=arm-xilinx-eabi-ar" "COMPILER_FLAGS=  -O2 -c" "EXTRA_COMPILER_FLAGS=-g"
"Running Make include in ps7_cortexa9_0/libsrc/scugic_v2_1/src"
make -C ps7_cortexa9_0/libsrc/scugic_v2_1/src -s include  "SHELL=CMD" "COMPILER=arm-xilinx-eabi-gcc" "ARCHIVER=arm-xilinx-eabi-ar" "COMPILER_FLAGS=  -O2 -c" "EXTRA_COMPILER_FLAGS=-g"
"Running Make include in ps7_cortexa9_0/libsrc/scutimer_v2_0/src"
make -C ps7_cortexa9_0/libsrc/scutimer_v2_0/src -s include  "SHELL=CMD" "COMPILER=arm-xilinx-eabi-gcc" "ARCHIVER=arm-xilinx-eabi-ar" "COMPILER_FLAGS=  -O2 -c" "EXTRA_COMPILER_FLAGS=-g"
"Running Make include in ps7_cortexa9_0/libsrc/scuwdt_v2_0/src"
make -C ps7_cortexa9_0/libsrc/scuwdt_v2_0/src -s include  "SHELL=CMD" "COMPILER=arm-xilinx-eabi-gcc" "ARCHIVER=arm-xilinx-eabi-ar" "COMPILER_FLAGS=  -O2 -c" "EXTRA_COMPILER_FLAGS=-g"
"Running Make include in ps7_cortexa9_0/libsrc/sdps_v2_1/src"
make -C ps7_cortexa9_0/libsrc/sdps_v2_1/src -s include  "SHELL=CMD" "COMPILER=arm-xilinx-eabi-gcc" "ARCHIVER=arm-xilinx-eabi-ar" "COMPILER_FLAGS=  -O2 -c" "EXTRA_COMPILER_FLAGS=-g"
"Running Make include in ps7_cortexa9_0/libsrc/spi_v4_0/src"
make -C ps7_cortexa9_0/libsrc/spi_v4_0/src -s include  "SHELL=CMD" "COMPILER=arm-xilinx-eabi-gcc" "ARCHIVER=arm-xilinx-eabi-ar" "COMPILER_FLAGS=  -O2 -c" "EXTRA_COMPILER_FLAGS=-g"
"Running Make include in ps7_cortexa9_0/libsrc/standalone_v4_1/src"
make -C ps7_cortexa9_0/libsrc/standalone_v4_1/src -s include  "SHELL=CMD" "COMPILER=arm-xilinx-eabi-gcc" "ARCHIVER=arm-xilinx-eabi-ar" "COMPILER_FLAGS=  -O2 -c" "EXTRA_COMPILER_FLAGS=-g"
"Running Make include in ps7_cortexa9_0/libsrc/sysmon_v6_0/src"
make -C ps7_cortexa9_0/libsrc/sysmon_v6_0/src -s include  "SHELL=CMD" "COMPILER=arm-xilinx-eabi-gcc" "ARCHIVER=arm-xilinx-eabi-ar" "COMPILER_FLAGS=  -O2 -c" "EXTRA_COMPILER_FLAGS=-g"
"Running Make include in ps7_cortexa9_0/libsrc/tmrctr_v3_0/src"
make -C ps7_cortexa9_0/libsrc/tmrctr_v3_0/src -s include  "SHELL=CMD" "COMPILER=arm-xilinx-eabi-gcc" "ARCHIVER=arm-xilinx-eabi-ar" "COMPILER_FLAGS=  -O2 -c" "EXTRA_COMPILER_FLAGS=-g"
"Running Make include in ps7_cortexa9_0/libsrc/uartlite_v3_0/src"
make -C ps7_cortexa9_0/libsrc/uartlite_v3_0/src -s include  "SHELL=CMD" "COMPILER=arm-xilinx-eabi-gcc" "ARCHIVER=arm-xilinx-eabi-ar" "COMPILER_FLAGS=  -O2 -c" "EXTRA_COMPILER_FLAGS=-g"
"Running Make include in ps7_cortexa9_0/libsrc/uartps_v2_1/src"
make -C ps7_cortexa9_0/libsrc/uartps_v2_1/src -s include  "SHELL=CMD" "COMPILER=arm-xilinx-eabi-gcc" "ARCHIVER=arm-xilinx-eabi-ar" "COMPILER_FLAGS=  -O2 -c" "EXTRA_COMPILER_FLAGS=-g"
"Running Make include in ps7_cortexa9_0/libsrc/usbps_v2_1/src"
make -C ps7_cortexa9_0/libsrc/usbps_v2_1/src -s include  "SHELL=CMD" "COMPILER=arm-xilinx-eabi-gcc" "ARCHIVER=arm-xilinx-eabi-ar" "COMPILER_FLAGS=  -O2 -c" "EXTRA_COMPILER_FLAGS=-g"
"Running Make include in ps7_cortexa9_0/libsrc/xadcps_v2_0/src"
make -C ps7_cortexa9_0/libsrc/xadcps_v2_0/src -s include  "SHELL=CMD" "COMPILER=arm-xilinx-eabi-gcc" "ARCHIVER=arm-xilinx-eabi-ar" "COMPILER_FLAGS=  -O2 -c" "EXTRA_COMPILER_FLAGS=-g"
"Running Make include in ps7_cortexa9_0/libsrc/xilffs_v2_1/src"
make -C ps7_cortexa9_0/libsrc/xilffs_v2_1/src -s include  "SHELL=CMD" "COMPILER=arm-xilinx-eabi-gcc" "ARCHIVER=arm-xilinx-eabi-ar" "COMPILER_FLAGS=  -O2 -c" "EXTRA_COMPILER_FLAGS=-g"
"Running Make include in ps7_cortexa9_0/libsrc/xilrsa_v1_1/src"
make -C ps7_cortexa9_0/libsrc/xilrsa_v1_1/src -s include  "SHELL=CMD" "COMPILER=arm-xilinx-eabi-gcc" "ARCHIVER=arm-xilinx-eabi-ar" "COMPILER_FLAGS=  -O2 -c" "EXTRA_COMPILER_FLAGS=-g"
"Running Make libs in ps7_cortexa9_0/libsrc/axi_dispctrl_v1_00_a/src"
make -C ps7_cortexa9_0/libsrc/axi_dispctrl_v1_00_a/src -s libs  "SHELL=CMD" "COMPILER=arm-xilinx-eabi-gcc" "ARCHIVER=arm-xilinx-eabi-ar" "COMPILER_FLAGS=  -O2 -c" "EXTRA_COMPILER_FLAGS=-g"
"Compiling axi_dispctrl..."
In file included from axi_dispctrl.h:7:0,
                 from axi_dispctrl.c:4:
../../../include/xbasic_types.h:124:2: warning: #warning The xbasics_type.h file is deprecated and users should use xil_types.h and xil_assert. [-Wcpp]
 #warning  The xbasics_type.h file is deprecated and users should use xil_types.h and xil_assert.
  ^
../../../include/xbasic_types.h:125:2: warning: #warning Please refer the Standalone BSP UG647 for further details [-Wcpp]
 #warning  Please refer the Standalone BSP UG647 for further details
  ^
In file included from axi_dispctrl.h:7:0,
                 from axi_dispctrl_selftest.c:3:
../../../include/xbasic_types.h:124:2: warning: #warning The xbasics_type.h file is deprecated and users should use xil_types.h and xil_assert. [-Wcpp]
 #warning  The xbasics_type.h file is deprecated and users should use xil_types.h and xil_assert.
  ^
../../../include/xbasic_types.h:125:2: warning: #warning Please refer the Standalone BSP UG647 for further details [-Wcpp]
 #warning  Please refer the Standalone BSP UG647 for further details
  ^
"Running Make libs in ps7_cortexa9_0/libsrc/axi_i2s_adi_v1_00_a/src"
make -C ps7_cortexa9_0/libsrc/axi_i2s_adi_v1_00_a/src -s libs  "SHELL=CMD" "COMPILER=arm-xilinx-eabi-gcc" "ARCHIVER=arm-xilinx-eabi-ar" "COMPILER_FLAGS=  -O2 -c" "EXTRA_COMPILER_FLAGS=-g"
"Compiling axi_i2s_adi..."
In file included from axi_i2s_adi.h:7:0,
                 from axi_i2s_adi.c:4:
../../../include/xbasic_types.h:124:2: warning: #warning The xbasics_type.h file is deprecated and users should use xil_types.h and xil_assert. [-Wcpp]
 #warning  The xbasics_type.h file is deprecated and users should use xil_types.h and xil_assert.
  ^
../../../include/xbasic_types.h:125:2: warning: #warning Please refer the Standalone BSP UG647 for further details [-Wcpp]
 #warning  Please refer the Standalone BSP UG647 for further details
  ^
In file included from axi_i2s_adi.h:7:0,
                 from axi_i2s_adi_selftest.c:3:
../../../include/xbasic_types.h:124:2: warning: #warning The xbasics_type.h file is deprecated and users should use xil_types.h and xil_assert. [-Wcpp]
 #warning  The xbasics_type.h file is deprecated and users should use xil_types.h and xil_assert.
  ^
../../../include/xbasic_types.h:125:2: warning: #warning Please refer the Standalone BSP UG647 for further details [-Wcpp]
 #warning  Please refer the Standalone BSP UG647 for further details
  ^
"Running Make libs in ps7_cortexa9_0/libsrc/axivdma_v5_0/src"
make -C ps7_cortexa9_0/libsrc/axivdma_v5_0/src -s libs  "SHELL=CMD" "COMPILER=arm-xilinx-eabi-gcc" "ARCHIVER=arm-xilinx-eabi-ar" "COMPILER_FLAGS=  -O2 -c" "EXTRA_COMPILER_FLAGS=-g"
"Compiling axivdma"
"Running Make libs in ps7_cortexa9_0/libsrc/common_v1_00_a/src"
make -C ps7_cortexa9_0/libsrc/common_v1_00_a/src -s libs  "SHELL=CMD" "COMPILER=arm-xilinx-eabi-gcc" "ARCHIVER=arm-xilinx-eabi-ar" "COMPILER_FLAGS=  -O2 -c" "EXTRA_COMPILER_FLAGS=-g"
"Compiling common"
"Running Make libs in ps7_cortexa9_0/libsrc/cpu_cortexa9_v2_0/src"
make -C ps7_cortexa9_0/libsrc/cpu_cortexa9_v2_0/src -s libs  "SHELL=CMD" "COMPILER=arm-xilinx-eabi-gcc" "ARCHIVER=arm-xilinx-eabi-ar" "COMPILER_FLAGS=  -O2 -c" "EXTRA_COMPILER_FLAGS=-g"
"Compiling cpu_cortexa9"
"Running Make libs in ps7_cortexa9_0/libsrc/devcfg_v3_1/src"
make -C ps7_cortexa9_0/libsrc/devcfg_v3_1/src -s libs  "SHELL=CMD" "COMPILER=arm-xilinx-eabi-gcc" "ARCHIVER=arm-xilinx-eabi-ar" "COMPILER_FLAGS=  -O2 -c" "EXTRA_COMPILER_FLAGS=-g"
"Compiling devcfg"
"Running Make libs in ps7_cortexa9_0/libsrc/dmaps_v2_0/src"
make -C ps7_cortexa9_0/libsrc/dmaps_v2_0/src -s libs  "SHELL=CMD" "COMPILER=arm-xilinx-eabi-gcc" "ARCHIVER=arm-xilinx-eabi-ar" "COMPILER_FLAGS=  -O2 -c" "EXTRA_COMPILER_FLAGS=-g"
"Compiling dmaps"
"Running Make libs in ps7_cortexa9_0/libsrc/emacps_v2_0/src"
make -C ps7_cortexa9_0/libsrc/emacps_v2_0/src -s libs  "SHELL=CMD" "COMPILER=arm-xilinx-eabi-gcc" "ARCHIVER=arm-xilinx-eabi-ar" "COMPILER_FLAGS=  -O2 -c" "EXTRA_COMPILER_FLAGS=-g"
"Compiling emacps"
"Running Make libs in ps7_cortexa9_0/libsrc/gpio_v4_0/src"
make -C ps7_cortexa9_0/libsrc/gpio_v4_0/src -s libs  "SHELL=CMD" "COMPILER=arm-xilinx-eabi-gcc" "ARCHIVER=arm-xilinx-eabi-ar" "COMPILER_FLAGS=  -O2 -c" "EXTRA_COMPILER_FLAGS=-g"
"Compiling gpio"
"Running Make libs in ps7_cortexa9_0/libsrc/gpiops_v2_1/src"
make -C ps7_cortexa9_0/libsrc/gpiops_v2_1/src -s libs  "SHELL=CMD" "COMPILER=arm-xilinx-eabi-gcc" "ARCHIVER=arm-xilinx-eabi-ar" "COMPILER_FLAGS=  -O2 -c" "EXTRA_COMPILER_FLAGS=-g"
"Compiling gpiops"
"Running Make libs in ps7_cortexa9_0/libsrc/iicps_v2_1/src"
make -C ps7_cortexa9_0/libsrc/iicps_v2_1/src -s libs  "SHELL=CMD" "COMPILER=arm-xilinx-eabi-gcc" "ARCHIVER=arm-xilinx-eabi-ar" "COMPILER_FLAGS=  -O2 -c" "EXTRA_COMPILER_FLAGS=-g"
"Compiling iicps"
"Running Make libs in ps7_cortexa9_0/libsrc/qspips_v3_0/src"
make -C ps7_cortexa9_0/libsrc/qspips_v3_0/src -s libs  "SHELL=CMD" "COMPILER=arm-xilinx-eabi-gcc" "ARCHIVER=arm-xilinx-eabi-ar" "COMPILER_FLAGS=  -O2 -c" "EXTRA_COMPILER_FLAGS=-g"
"Compiling qspips"
"Running Make libs in ps7_cortexa9_0/libsrc/scugic_v2_1/src"
make -C ps7_cortexa9_0/libsrc/scugic_v2_1/src -s libs  "SHELL=CMD" "COMPILER=arm-xilinx-eabi-gcc" "ARCHIVER=arm-xilinx-eabi-ar" "COMPILER_FLAGS=  -O2 -c" "EXTRA_COMPILER_FLAGS=-g"
"Compiling scugic"
"Running Make libs in ps7_cortexa9_0/libsrc/scutimer_v2_0/src"
make -C ps7_cortexa9_0/libsrc/scutimer_v2_0/src -s libs  "SHELL=CMD" "COMPILER=arm-xilinx-eabi-gcc" "ARCHIVER=arm-xilinx-eabi-ar" "COMPILER_FLAGS=  -O2 -c" "EXTRA_COMPILER_FLAGS=-g"
"Compiling scutimer"
"Running Make libs in ps7_cortexa9_0/libsrc/scuwdt_v2_0/src"
make -C ps7_cortexa9_0/libsrc/scuwdt_v2_0/src -s libs  "SHELL=CMD" "COMPILER=arm-xilinx-eabi-gcc" "ARCHIVER=arm-xilinx-eabi-ar" "COMPILER_FLAGS=  -O2 -c" "EXTRA_COMPILER_FLAGS=-g"
"Compiling scuwdt"
"Running Make libs in ps7_cortexa9_0/libsrc/sdps_v2_1/src"
make -C ps7_cortexa9_0/libsrc/sdps_v2_1/src -s libs  "SHELL=CMD" "COMPILER=arm-xilinx-eabi-gcc" "ARCHIVER=arm-xilinx-eabi-ar" "COMPILER_FLAGS=  -O2 -c" "EXTRA_COMPILER_FLAGS=-g"
"Compiling sdps"
"Running Make libs in ps7_cortexa9_0/libsrc/spi_v4_0/src"
make -C ps7_cortexa9_0/libsrc/spi_v4_0/src -s libs  "SHELL=CMD" "COMPILER=arm-xilinx-eabi-gcc" "ARCHIVER=arm-xilinx-eabi-ar" "COMPILER_FLAGS=  -O2 -c" "EXTRA_COMPILER_FLAGS=-g"
"Compiling spi"
"Running Make libs in ps7_cortexa9_0/libsrc/standalone_v4_1/src"
make -C ps7_cortexa9_0/libsrc/standalone_v4_1/src -s libs  "SHELL=CMD" "COMPILER=arm-xilinx-eabi-gcc" "ARCHIVER=arm-xilinx-eabi-ar" "COMPILER_FLAGS=  -O2 -c" "EXTRA_COMPILER_FLAGS=-g"
"Compiling standalone"
"Running Make libs in ps7_cortexa9_0/libsrc/sysmon_v6_0/src"
make -C ps7_cortexa9_0/libsrc/sysmon_v6_0/src -s libs  "SHELL=CMD" "COMPILER=arm-xilinx-eabi-gcc" "ARCHIVER=arm-xilinx-eabi-ar" "COMPILER_FLAGS=  -O2 -c" "EXTRA_COMPILER_FLAGS=-g"
"Compiling sysmon"
"Running Make libs in ps7_cortexa9_0/libsrc/tmrctr_v3_0/src"
make -C ps7_cortexa9_0/libsrc/tmrctr_v3_0/src -s libs  "SHELL=CMD" "COMPILER=arm-xilinx-eabi-gcc" "ARCHIVER=arm-xilinx-eabi-ar" "COMPILER_FLAGS=  -O2 -c" "EXTRA_COMPILER_FLAGS=-g"
"Compiling tmrctr"
"Running Make libs in ps7_cortexa9_0/libsrc/uartlite_v3_0/src"
make -C ps7_cortexa9_0/libsrc/uartlite_v3_0/src -s libs  "SHELL=CMD" "COMPILER=arm-xilinx-eabi-gcc" "ARCHIVER=arm-xilinx-eabi-ar" "COMPILER_FLAGS=  -O2 -c" "EXTRA_COMPILER_FLAGS=-g"
"Compiling uartlite"
"Running Make libs in ps7_cortexa9_0/libsrc/uartps_v2_1/src"
make -C ps7_cortexa9_0/libsrc/uartps_v2_1/src -s libs  "SHELL=CMD" "COMPILER=arm-xilinx-eabi-gcc" "ARCHIVER=arm-xilinx-eabi-ar" "COMPILER_FLAGS=  -O2 -c" "EXTRA_COMPILER_FLAGS=-g"
"Compiling uartps"
"Running Make libs in ps7_cortexa9_0/libsrc/usbps_v2_1/src"
make -C ps7_cortexa9_0/libsrc/usbps_v2_1/src -s libs  "SHELL=CMD" "COMPILER=arm-xilinx-eabi-gcc" "ARCHIVER=arm-xilinx-eabi-ar" "COMPILER_FLAGS=  -O2 -c" "EXTRA_COMPILER_FLAGS=-g"
"Compiling usbps"
"Running Make libs in ps7_cortexa9_0/libsrc/xadcps_v2_0/src"
make -C ps7_cortexa9_0/libsrc/xadcps_v2_0/src -s libs  "SHELL=CMD" "COMPILER=arm-xilinx-eabi-gcc" "ARCHIVER=arm-xilinx-eabi-ar" "COMPILER_FLAGS=  -O2 -c" "EXTRA_COMPILER_FLAGS=-g"
"Compiling xadcps"
"Running Make libs in ps7_cortexa9_0/libsrc/xilffs_v2_1/src"
make -C ps7_cortexa9_0/libsrc/xilffs_v2_1/src -s libs  "SHELL=CMD" "COMPILER=arm-xilinx-eabi-gcc" "ARCHIVER=arm-xilinx-eabi-ar" "COMPILER_FLAGS=  -O2 -c" "EXTRA_COMPILER_FLAGS=-g"
"Compiling XilFFs Library"
"Creating archive libxilffs.a"
"Running Make libs in ps7_cortexa9_0/libsrc/xilrsa_v1_1/src"
make -C ps7_cortexa9_0/libsrc/xilrsa_v1_1/src -s libs  "SHELL=CMD" "COMPILER=arm-xilinx-eabi-gcc" "ARCHIVER=arm-xilinx-eabi-ar" "COMPILER_FLAGS=  -O2 -c" "EXTRA_COMPILER_FLAGS=-g"
'Finished building libraries'
17:30:12 **** Clean-only build of configuration Debug for project zynq_fsbl ****
make clean 
rm -rf  ./src/ddr_init.o ./src/fsbl_handoff.o ./src/fsbl_hooks.o ./src/image_mover.o ./src/main.o ./src/md5.o ./src/nand.o ./src/nor.o ./src/pcap.o ./src/ps7_init.o ./src/qspi.o ./src/rsa.o ./src/sd.o  ./src/ddr_init.d ./src/fsbl_hooks.d ./src/image_mover.d ./src/main.d ./src/md5.d ./src/nand.d ./src/nor.d ./src/pcap.d ./src/ps7_init.d ./src/qspi.d ./src/rsa.d ./src/sd.d  zynq_fsbl.elf.size  ./src/fsbl_handoff.d  zynq_fsbl.elf
' '
17:30:12 **** Build of configuration Debug for project zynq_fsbl ****
make all 
'Building file: ../src/ddr_init.c'
'Invoking: ARM gcc compiler'
arm-xilinx-eabi-gcc -Wall -O0 -g3 -I"C:\Users\cdmoo\Desktop\BYU_FALL_2016\ECEN_330\XilinxWorkspace\Labs\EE330_hw_platform_0" -c -fmessage-length=0 -I../../zynq_fsbl_bsp/ps7_cortexa9_0/include -MMD -MP -MF"src/ddr_init.d" -MT"src/ddr_init.d" -o "src/ddr_init.o" "../src/ddr_init.c"
'Finished building: ../src/ddr_init.c'
' '
'Building file: ../src/fsbl_handoff.S'
'Invoking: ARM gcc compiler'
arm-xilinx-eabi-gcc -Wall -O0 -g3 -I"C:\Users\cdmoo\Desktop\BYU_FALL_2016\ECEN_330\XilinxWorkspace\Labs\EE330_hw_platform_0" -c -fmessage-length=0 -I../../zynq_fsbl_bsp/ps7_cortexa9_0/include -MMD -MP -MF"src/fsbl_handoff.d" -MT"src/fsbl_handoff.d" -o "src/fsbl_handoff.o" "../src/fsbl_handoff.S"
'Finished building: ../src/fsbl_handoff.S'
' '
'Building file: ../src/fsbl_hooks.c'
'Invoking: ARM gcc compiler'
arm-xilinx-eabi-gcc -Wall -O0 -g3 -I"C:\Users\cdmoo\Desktop\BYU_FALL_2016\ECEN_330\XilinxWorkspace\Labs\EE330_hw_platform_0" -c -fmessage-length=0 -I../../zynq_fsbl_bsp/ps7_cortexa9_0/include -MMD -MP -MF"src/fsbl_hooks.d" -MT"src/fsbl_hooks.d" -o "src/fsbl_hooks.o" "../src/fsbl_hooks.c"
'Finished building: ../src/fsbl_hooks.c'
' '
'Building file: ../src/image_mover.c'
'Invoking: ARM gcc compiler'
arm-xilinx-eabi-gcc -Wall -O0 -g3 -I"C:\Users\cdmoo\Desktop\BYU_FALL_2016\ECEN_330\XilinxWorkspace\Labs\EE330_hw_platform_0" -c -fmessage-length=0 -I../../zynq_fsbl_bsp/ps7_cortexa9_0/include -MMD -MP -MF"src/image_mover.d" -MT"src/image_mover.d" -o "src/image_mover.o" "../src/image_mover.c"
'Finished building: ../src/image_mover.c'
' '
'Building file: ../src/main.c'
'Invoking: ARM gcc compiler'
arm-xilinx-eabi-gcc -Wall -O0 -g3 -I"C:\Users\cdmoo\Desktop\BYU_FALL_2016\ECEN_330\XilinxWorkspace\Labs\EE330_hw_platform_0" -c -fmessage-length=0 -I../../zynq_fsbl_bsp/ps7_cortexa9_0/include -MMD -MP -MF"src/main.d" -MT"src/main.d" -o "src/main.o" "../src/main.c"
'Finished building: ../src/main.c'
' '
'Building file: ../src/md5.c'
'Invoking: ARM gcc compiler'
arm-xilinx-eabi-gcc -Wall -O0 -g3 -I"C:\Users\cdmoo\Desktop\BYU_FALL_2016\ECEN_330\XilinxWorkspace\Labs\EE330_hw_platform_0" -c -fmessage-length=0 -I../../zynq_fsbl_bsp/ps7_cortexa9_0/include -MMD -MP -MF"src/md5.d" -MT"src/md5.d" -o "src/md5.o" "../src/md5.c"
'Finished building: ../src/md5.c'
' '
'Building file: ../src/nand.c'
'Invoking: ARM gcc compiler'
arm-xilinx-eabi-gcc -Wall -O0 -g3 -I"C:\Users\cdmoo\Desktop\BYU_FALL_2016\ECEN_330\XilinxWorkspace\Labs\EE330_hw_platform_0" -c -fmessage-length=0 -I../../zynq_fsbl_bsp/ps7_cortexa9_0/include -MMD -MP -MF"src/nand.d" -MT"src/nand.d" -o "src/nand.o" "../src/nand.c"
'Finished building: ../src/nand.c'
' '
'Building file: ../src/nor.c'
'Invoking: ARM gcc compiler'
arm-xilinx-eabi-gcc -Wall -O0 -g3 -I"C:\Users\cdmoo\Desktop\BYU_FALL_2016\ECEN_330\XilinxWorkspace\Labs\EE330_hw_platform_0" -c -fmessage-length=0 -I../../zynq_fsbl_bsp/ps7_cortexa9_0/include -MMD -MP -MF"src/nor.d" -MT"src/nor.d" -o "src/nor.o" "../src/nor.c"
'Finished building: ../src/nor.c'
' '
'Building file: ../src/pcap.c'
'Invoking: ARM gcc compiler'
arm-xilinx-eabi-gcc -Wall -O0 -g3 -I"C:\Users\cdmoo\Desktop\BYU_FALL_2016\ECEN_330\XilinxWorkspace\Labs\EE330_hw_platform_0" -c -fmessage-length=0 -I../../zynq_fsbl_bsp/ps7_cortexa9_0/include -MMD -MP -MF"src/pcap.d" -MT"src/pcap.d" -o "src/pcap.o" "../src/pcap.c"
'Finished building: ../src/pcap.c'
' '
'Building file: ../src/ps7_init.c'
'Invoking: ARM gcc compiler'
arm-xilinx-eabi-gcc -Wall -O0 -g3 -I"C:\Users\cdmoo\Desktop\BYU_FALL_2016\ECEN_330\XilinxWorkspace\Labs\EE330_hw_platform_0" -c -fmessage-length=0 -I../../zynq_fsbl_bsp/ps7_cortexa9_0/include -MMD -MP -MF"src/ps7_init.d" -MT"src/ps7_init.d" -o "src/ps7_init.o" "../src/ps7_init.c"
'Finished building: ../src/ps7_init.c'
' '
'Building file: ../src/qspi.c'
'Invoking: ARM gcc compiler'
arm-xilinx-eabi-gcc -Wall -O0 -g3 -I"C:\Users\cdmoo\Desktop\BYU_FALL_2016\ECEN_330\XilinxWorkspace\Labs\EE330_hw_platform_0" -c -fmessage-length=0 -I../../zynq_fsbl_bsp/ps7_cortexa9_0/include -MMD -MP -MF"src/qspi.d" -MT"src/qspi.d" -o "src/qspi.o" "../src/qspi.c"
'Finished building: ../src/qspi.c'
' '
'Building file: ../src/rsa.c'
'Invoking: ARM gcc compiler'
arm-xilinx-eabi-gcc -Wall -O0 -g3 -I"C:\Users\cdmoo\Desktop\BYU_FALL_2016\ECEN_330\XilinxWorkspace\Labs\EE330_hw_platform_0" -c -fmessage-length=0 -I../../zynq_fsbl_bsp/ps7_cortexa9_0/include -MMD -MP -MF"src/rsa.d" -MT"src/rsa.d" -o "src/rsa.o" "../src/rsa.c"
'Finished building: ../src/rsa.c'
' '
'Building file: ../src/sd.c'
'Invoking: ARM gcc compiler'
arm-xilinx-eabi-gcc -Wall -O0 -g3 -I"C:\Users\cdmoo\Desktop\BYU_FALL_2016\ECEN_330\XilinxWorkspace\Labs\EE330_hw_platform_0" -c -fmessage-length=0 -I../../zynq_fsbl_bsp/ps7_cortexa9_0/include -MMD -MP -MF"src/sd.d" -MT"src/sd.d" -o "src/sd.o" "../src/sd.c"
'Finished building: ../src/sd.c'
' '
'Building target: zynq_fsbl.elf'
'Invoking: ARM gcc linker'
arm-xilinx-eabi-gcc -L"C:\Users\cdmoo\Desktop\BYU_FALL_2016\ECEN_330\XilinxWorkspace\Labs\zynq_fsbl\src" -Wl,-T -Wl,../src/lscript.ld -L../../zynq_fsbl_bsp/ps7_cortexa9_0/lib -o "zynq_fsbl.elf"  ./src/ddr_init.o ./src/fsbl_handoff.o ./src/fsbl_hooks.o ./src/image_mover.o ./src/main.o ./src/md5.o ./src/nand.o ./src/nor.o ./src/pcap.o ./src/ps7_init.o ./src/qspi.o ./src/rsa.o ./src/sd.o   -lrsa -Wl,--start-group,-lxil,-lgcc,-lc,--end-group -Wl,--start-group,-lxilffs,-lxil,-lgcc,-lc,--end-group -Wl,--start-group,-lrsa,-lxil,-lgcc,-lc,--end-group
'Finished building target: zynq_fsbl.elf'
' '
'Invoking: ARM Print Size'
arm-xilinx-eabi-size zynq_fsbl.elf  |tee "zynq_fsbl.elf.size"
   text	   data	    bss	    dec	    hex	filename
  70452	  11884	  73316	 155652	  26004	zynq_fsbl.elf
'Finished building: zynq_fsbl.elf.size'
' '
17:33:02 **** Incremental Build of configuration Debug for project Consolidated_330_SW ****
make all 
make: Nothing to be done for `all'.
17:33:03 **** Incremental Build of configuration Debug for project zynq_fsbl ****
make all 
make: Nothing to be done for `all'.
17:37:19 **** Auto Build of configuration Debug for project Consolidated_330_SW ****
make all 
'Building file: ../src/helloWorld/main.c'
'Invoking: ARM g++ compiler'
arm-xilinx-eabi-g++ -Wall -O0 -g3 -I"C:\Users\cdmoo\Desktop\BYU_FALL_2016\ECEN_330\XilinxWorkspace\Labs\Consolidated_330_SW" -c -fmessage-length=0 -I../../Consolidated_330_SW_bsp/ps7_cortexa9_0/include -MMD -MP -MF"src/helloWorld/main.d" -MT"src/helloWorld/main.d" -o "src/helloWorld/main.o" "../src/helloWorld/main.c"
'Finished building: ../src/helloWorld/main.c'
' '
'Building target: Consolidated_330_SW.elf'
'Invoking: ARM g++ linker'
arm-xilinx-eabi-g++ -Wl,-T -Wl,../src/lscript.ld -L../../Consolidated_330_SW_bsp/ps7_cortexa9_0/lib -o "Consolidated_330_SW.elf"  ./supportFiles/Adafruit_GFX.o ./supportFiles/Adafruit_STMPE610.o ./supportFiles/Adafruit_TFTLCD.o ./supportFiles/Print.o ./supportFiles/WString.o ./supportFiles/bluetooth.o ./supportFiles/circularBuffer.o ./supportFiles/display.o ./supportFiles/glcdfont.o ./supportFiles/globalTimer.o ./supportFiles/interrupts.o ./supportFiles/lcd.o ./supportFiles/leds.o ./supportFiles/mio.o ./supportFiles/new.o ./supportFiles/spi.o ./supportFiles/tftGpio.o ./supportFiles/utils.o  ./src/helloWorld/main.o   -Wl,--start-group,-lxil,-lgcc,-lc,-lstdc++,--end-group
'Finished building target: Consolidated_330_SW.elf'
' '
'Invoking: ARM Print Size'
arm-xilinx-eabi-size Consolidated_330_SW.elf  |tee "Consolidated_330_SW.elf.size"
   text	   data	    bss	    dec	    hex	filename
 199268	   3184	3010216	3212668	 31057c	Consolidated_330_SW.elf
'Finished building: Consolidated_330_SW.elf.size'
' '
17:37:23 **** Incremental Build of configuration Debug for project Consolidated_330_SW ****
make all 
make: Nothing to be done for `all'.
17:37:24 **** Incremental Build of configuration Debug for project zynq_fsbl ****
make all 
make: Nothing to be done for `all'.
17:38:10 **** Auto Build of configuration Debug for project Consolidated_330_SW ****
make all 
'Building file: ../src/helloWorld/main.c'
'Invoking: ARM g++ compiler'
arm-xilinx-eabi-g++ -Wall -O0 -g3 -I"C:\Users\cdmoo\Desktop\BYU_FALL_2016\ECEN_330\XilinxWorkspace\Labs\Consolidated_330_SW" -c -fmessage-length=0 -I../../Consolidated_330_SW_bsp/ps7_cortexa9_0/include -MMD -MP -MF"src/helloWorld/main.d" -MT"src/helloWorld/main.d" -o "src/helloWorld/main.o" "../src/helloWorld/main.c"
'Finished building: ../src/helloWorld/main.c'
' '
'Building target: Consolidated_330_SW.elf'
'Invoking: ARM g++ linker'
arm-xilinx-eabi-g++ -Wl,-T -Wl,../src/lscript.ld -L../../Consolidated_330_SW_bsp/ps7_cortexa9_0/lib -o "Consolidated_330_SW.elf"  ./supportFiles/Adafruit_GFX.o ./supportFiles/Adafruit_STMPE610.o ./supportFiles/Adafruit_TFTLCD.o ./supportFiles/Print.o ./supportFiles/WString.o ./supportFiles/bluetooth.o ./supportFiles/circularBuffer.o ./supportFiles/display.o ./supportFiles/glcdfont.o ./supportFiles/globalTimer.o ./supportFiles/interrupts.o ./supportFiles/lcd.o ./supportFiles/leds.o ./supportFiles/mio.o ./supportFiles/new.o ./supportFiles/spi.o ./supportFiles/tftGpio.o ./supportFiles/utils.o  ./src/helloWorld/main.o   -Wl,--start-group,-lxil,-lgcc,-lc,-lstdc++,--end-group
'Finished building target: Consolidated_330_SW.elf'
' '
'Invoking: ARM Print Size'
arm-xilinx-eabi-size Consolidated_330_SW.elf  |tee "Consolidated_330_SW.elf.size"
   text	   data	    bss	    dec	    hex	filename
 199276	   3184	3010216	3212676	 310584	Consolidated_330_SW.elf
'Finished building: Consolidated_330_SW.elf.size'
' '
19:45:21 **** Incremental Build of configuration Debug for project Consolidated_330_SW ****
make all 
make: Nothing to be done for `all'.
19:45:22 **** Incremental Build of configuration Debug for project zynq_fsbl ****
make all 
make: Nothing to be done for `all'.
19:45:50 **** Incremental Build of configuration Debug for project Consolidated_330_SW ****
make all 
make: Nothing to be done for `all'.
19:45:50 **** Incremental Build of configuration Debug for project zynq_fsbl ****
make all 
make: Nothing to be done for `all'.
10:26:20 **** Auto Build of configuration Debug for project Consolidated_330_SW ****
make all 
make: Nothing to be done for `all'.
10:27:11 **** Clean-only build of configuration Debug for project Consolidated_330_SW ****
make clean 
rm -rf  ./supportFiles/Adafruit_GFX.o ./supportFiles/Adafruit_STMPE610.o ./supportFiles/Adafruit_TFTLCD.o ./supportFiles/Print.o ./supportFiles/WString.o ./supportFiles/bluetooth.o ./supportFiles/circularBuffer.o ./supportFiles/display.o ./supportFiles/glcdfont.o ./supportFiles/globalTimer.o ./supportFiles/interrupts.o ./supportFiles/lcd.o ./supportFiles/leds.o ./supportFiles/mio.o ./supportFiles/new.o ./supportFiles/spi.o ./supportFiles/tftGpio.o ./supportFiles/utils.o  ./src/helloWorld/main.o  ./supportFiles/bluetooth.d ./supportFiles/circularBuffer.d ./supportFiles/glcdfont.d ./supportFiles/globalTimer.d ./supportFiles/interrupts.d ./supportFiles/lcd.d ./supportFiles/leds.d ./supportFiles/mio.d ./supportFiles/spi.d ./supportFiles/tftGpio.d  ./src/helloWorld/main.d  ./supportFiles/Adafruit_GFX.d ./supportFiles/Adafruit_STMPE610.d ./supportFiles/Adafruit_TFTLCD.d ./supportFiles/Print.d ./supportFiles/WString.d ./supportFiles/display.d ./supportFiles/new.d ./supportFiles/utils.d  Consolidated_330_SW.elf.size  Consolidated_330_SW.elf
' '
10:27:11 **** Auto Build of configuration Debug for project Consolidated_330_SW ****
make all 
'Building file: ../supportFiles/Adafruit_GFX.cpp'
'Invoking: ARM g++ compiler'
arm-xilinx-eabi-g++ -Wall -O0 -g3 -I"C:\Users\cdmoo\Desktop\BYU_FALL_2016\ECEN_330\XilinxWorkspace\Labs\Consolidated_330_SW" -c -fmessage-length=0 -I../../Consolidated_330_SW_bsp/ps7_cortexa9_0/include -MMD -MP -MF"supportFiles/Adafruit_GFX.d" -MT"supportFiles/Adafruit_GFX.d" -o "supportFiles/Adafruit_GFX.o" "../supportFiles/Adafruit_GFX.cpp"
'Finished building: ../supportFiles/Adafruit_GFX.cpp'
' '
'Building file: ../supportFiles/Adafruit_STMPE610.cpp'
'Invoking: ARM g++ compiler'
arm-xilinx-eabi-g++ -Wall -O0 -g3 -I"C:\Users\cdmoo\Desktop\BYU_FALL_2016\ECEN_330\XilinxWorkspace\Labs\Consolidated_330_SW" -c -fmessage-length=0 -I../../Consolidated_330_SW_bsp/ps7_cortexa9_0/include -MMD -MP -MF"supportFiles/Adafruit_STMPE610.d" -MT"supportFiles/Adafruit_STMPE610.d" -o "supportFiles/Adafruit_STMPE610.o" "../supportFiles/Adafruit_STMPE610.cpp"
'Finished building: ../supportFiles/Adafruit_STMPE610.cpp'
' '
'Building file: ../supportFiles/Adafruit_TFTLCD.cpp'
'Invoking: ARM g++ compiler'
arm-xilinx-eabi-g++ -Wall -O0 -g3 -I"C:\Users\cdmoo\Desktop\BYU_FALL_2016\ECEN_330\XilinxWorkspace\Labs\Consolidated_330_SW" -c -fmessage-length=0 -I../../Consolidated_330_SW_bsp/ps7_cortexa9_0/include -MMD -MP -MF"supportFiles/Adafruit_TFTLCD.d" -MT"supportFiles/Adafruit_TFTLCD.d" -o "supportFiles/Adafruit_TFTLCD.o" "../supportFiles/Adafruit_TFTLCD.cpp"
'Finished building: ../supportFiles/Adafruit_TFTLCD.cpp'
' '
'Building file: ../supportFiles/Print.cpp'
'Invoking: ARM g++ compiler'
arm-xilinx-eabi-g++ -Wall -O0 -g3 -I"C:\Users\cdmoo\Desktop\BYU_FALL_2016\ECEN_330\XilinxWorkspace\Labs\Consolidated_330_SW" -c -fmessage-length=0 -I../../Consolidated_330_SW_bsp/ps7_cortexa9_0/include -MMD -MP -MF"supportFiles/Print.d" -MT"supportFiles/Print.d" -o "supportFiles/Print.o" "../supportFiles/Print.cpp"
'Finished building: ../supportFiles/Print.cpp'
' '
'Building file: ../supportFiles/WString.cpp'
'Invoking: ARM g++ compiler'
arm-xilinx-eabi-g++ -Wall -O0 -g3 -I"C:\Users\cdmoo\Desktop\BYU_FALL_2016\ECEN_330\XilinxWorkspace\Labs\Consolidated_330_SW" -c -fmessage-length=0 -I../../Consolidated_330_SW_bsp/ps7_cortexa9_0/include -MMD -MP -MF"supportFiles/WString.d" -MT"supportFiles/WString.d" -o "supportFiles/WString.o" "../supportFiles/WString.cpp"
'Finished building: ../supportFiles/WString.cpp'
' '
'Building file: ../supportFiles/bluetooth.c'
'Invoking: ARM g++ compiler'
arm-xilinx-eabi-g++ -Wall -O0 -g3 -I"C:\Users\cdmoo\Desktop\BYU_FALL_2016\ECEN_330\XilinxWorkspace\Labs\Consolidated_330_SW" -c -fmessage-length=0 -I../../Consolidated_330_SW_bsp/ps7_cortexa9_0/include -MMD -MP -MF"supportFiles/bluetooth.d" -MT"supportFiles/bluetooth.d" -o "supportFiles/bluetooth.o" "../supportFiles/bluetooth.c"
'Finished building: ../supportFiles/bluetooth.c'
' '
'Building file: ../supportFiles/circularBuffer.c'
'Invoking: ARM g++ compiler'
arm-xilinx-eabi-g++ -Wall -O0 -g3 -I"C:\Users\cdmoo\Desktop\BYU_FALL_2016\ECEN_330\XilinxWorkspace\Labs\Consolidated_330_SW" -c -fmessage-length=0 -I../../Consolidated_330_SW_bsp/ps7_cortexa9_0/include -MMD -MP -MF"supportFiles/circularBuffer.d" -MT"supportFiles/circularBuffer.d" -o "supportFiles/circularBuffer.o" "../supportFiles/circularBuffer.c"
'Finished building: ../supportFiles/circularBuffer.c'
' '
'Building file: ../supportFiles/display.cpp'
'Invoking: ARM g++ compiler'
arm-xilinx-eabi-g++ -Wall -O0 -g3 -I"C:\Users\cdmoo\Desktop\BYU_FALL_2016\ECEN_330\XilinxWorkspace\Labs\Consolidated_330_SW" -c -fmessage-length=0 -I../../Consolidated_330_SW_bsp/ps7_cortexa9_0/include -MMD -MP -MF"supportFiles/display.d" -MT"supportFiles/display.d" -o "supportFiles/display.o" "../supportFiles/display.cpp"
'Finished building: ../supportFiles/display.cpp'
' '
'Building file: ../supportFiles/glcdfont.c'
'Invoking: ARM g++ compiler'
arm-xilinx-eabi-g++ -Wall -O0 -g3 -I"C:\Users\cdmoo\Desktop\BYU_FALL_2016\ECEN_330\XilinxWorkspace\Labs\Consolidated_330_SW" -c -fmessage-length=0 -I../../Consolidated_330_SW_bsp/ps7_cortexa9_0/include -MMD -MP -MF"supportFiles/glcdfont.d" -MT"supportFiles/glcdfont.d" -o "supportFiles/glcdfont.o" "../supportFiles/glcdfont.c"
'Finished building: ../supportFiles/glcdfont.c'
' '
'Building file: ../supportFiles/globalTimer.c'
'Invoking: ARM g++ compiler'
arm-xilinx-eabi-g++ -Wall -O0 -g3 -I"C:\Users\cdmoo\Desktop\BYU_FALL_2016\ECEN_330\XilinxWorkspace\Labs\Consolidated_330_SW" -c -fmessage-length=0 -I../../Consolidated_330_SW_bsp/ps7_cortexa9_0/include -MMD -MP -MF"supportFiles/globalTimer.d" -MT"supportFiles/globalTimer.d" -o "supportFiles/globalTimer.o" "../supportFiles/globalTimer.c"
'Finished building: ../supportFiles/globalTimer.c'
' '
'Building file: ../supportFiles/interrupts.c'
'Invoking: ARM g++ compiler'
arm-xilinx-eabi-g++ -Wall -O0 -g3 -I"C:\Users\cdmoo\Desktop\BYU_FALL_2016\ECEN_330\XilinxWorkspace\Labs\Consolidated_330_SW" -c -fmessage-length=0 -I../../Consolidated_330_SW_bsp/ps7_cortexa9_0/include -MMD -MP -MF"supportFiles/interrupts.d" -MT"supportFiles/interrupts.d" -o "supportFiles/interrupts.o" "../supportFiles/interrupts.c"
'Finished building: ../supportFiles/interrupts.c'
' '
'Building file: ../supportFiles/lcd.c'
'Invoking: ARM g++ compiler'
arm-xilinx-eabi-g++ -Wall -O0 -g3 -I"C:\Users\cdmoo\Desktop\BYU_FALL_2016\ECEN_330\XilinxWorkspace\Labs\Consolidated_330_SW" -c -fmessage-length=0 -I../../Consolidated_330_SW_bsp/ps7_cortexa9_0/include -MMD -MP -MF"supportFiles/lcd.d" -MT"supportFiles/lcd.d" -o "supportFiles/lcd.o" "../supportFiles/lcd.c"
'Finished building: ../supportFiles/lcd.c'
' '
'Building file: ../supportFiles/leds.c'
'Invoking: ARM g++ compiler'
arm-xilinx-eabi-g++ -Wall -O0 -g3 -I"C:\Users\cdmoo\Desktop\BYU_FALL_2016\ECEN_330\XilinxWorkspace\Labs\Consolidated_330_SW" -c -fmessage-length=0 -I../../Consolidated_330_SW_bsp/ps7_cortexa9_0/include -MMD -MP -MF"supportFiles/leds.d" -MT"supportFiles/leds.d" -o "supportFiles/leds.o" "../supportFiles/leds.c"
'Finished building: ../supportFiles/leds.c'
' '
'Building file: ../supportFiles/mio.c'
'Invoking: ARM g++ compiler'
arm-xilinx-eabi-g++ -Wall -O0 -g3 -I"C:\Users\cdmoo\Desktop\BYU_FALL_2016\ECEN_330\XilinxWorkspace\Labs\Consolidated_330_SW" -c -fmessage-length=0 -I../../Consolidated_330_SW_bsp/ps7_cortexa9_0/include -MMD -MP -MF"supportFiles/mio.d" -MT"supportFiles/mio.d" -o "supportFiles/mio.o" "../supportFiles/mio.c"
'Finished building: ../supportFiles/mio.c'
' '
'Building file: ../supportFiles/new.cpp'
'Invoking: ARM g++ compiler'
arm-xilinx-eabi-g++ -Wall -O0 -g3 -I"C:\Users\cdmoo\Desktop\BYU_FALL_2016\ECEN_330\XilinxWorkspace\Labs\Consolidated_330_SW" -c -fmessage-length=0 -I../../Consolidated_330_SW_bsp/ps7_cortexa9_0/include -MMD -MP -MF"supportFiles/new.d" -MT"supportFiles/new.d" -o "supportFiles/new.o" "../supportFiles/new.cpp"
'Finished building: ../supportFiles/new.cpp'
' '
'Building file: ../supportFiles/spi.c'
'Invoking: ARM g++ compiler'
arm-xilinx-eabi-g++ -Wall -O0 -g3 -I"C:\Users\cdmoo\Desktop\BYU_FALL_2016\ECEN_330\XilinxWorkspace\Labs\Consolidated_330_SW" -c -fmessage-length=0 -I../../Consolidated_330_SW_bsp/ps7_cortexa9_0/include -MMD -MP -MF"supportFiles/spi.d" -MT"supportFiles/spi.d" -o "supportFiles/spi.o" "../supportFiles/spi.c"
'Finished building: ../supportFiles/spi.c'
' '
'Building file: ../supportFiles/tftGpio.c'
'Invoking: ARM g++ compiler'
arm-xilinx-eabi-g++ -Wall -O0 -g3 -I"C:\Users\cdmoo\Desktop\BYU_FALL_2016\ECEN_330\XilinxWorkspace\Labs\Consolidated_330_SW" -c -fmessage-length=0 -I../../Consolidated_330_SW_bsp/ps7_cortexa9_0/include -MMD -MP -MF"supportFiles/tftGpio.d" -MT"supportFiles/tftGpio.d" -o "supportFiles/tftGpio.o" "../supportFiles/tftGpio.c"
'Finished building: ../supportFiles/tftGpio.c'
' '
'Building file: ../supportFiles/utils.cpp'
'Invoking: ARM g++ compiler'
arm-xilinx-eabi-g++ -Wall -O0 -g3 -I"C:\Users\cdmoo\Desktop\BYU_FALL_2016\ECEN_330\XilinxWorkspace\Labs\Consolidated_330_SW" -c -fmessage-length=0 -I../../Consolidated_330_SW_bsp/ps7_cortexa9_0/include -MMD -MP -MF"supportFiles/utils.d" -MT"supportFiles/utils.d" -o "supportFiles/utils.o" "../supportFiles/utils.cpp"
'Finished building: ../supportFiles/utils.cpp'
' '
'Building target: Consolidated_330_SW.elf'
'Invoking: ARM g++ linker'
arm-xilinx-eabi-g++ -Wl,-T -Wl,../src/lscript.ld -L../../Consolidated_330_SW_bsp/ps7_cortexa9_0/lib -o "Consolidated_330_SW.elf"  ./supportFiles/Adafruit_GFX.o ./supportFiles/Adafruit_STMPE610.o ./supportFiles/Adafruit_TFTLCD.o ./supportFiles/Print.o ./supportFiles/WString.o ./supportFiles/bluetooth.o ./supportFiles/circularBuffer.o ./supportFiles/display.o ./supportFiles/glcdfont.o ./supportFiles/globalTimer.o ./supportFiles/interrupts.o ./supportFiles/lcd.o ./supportFiles/leds.o ./supportFiles/mio.o ./supportFiles/new.o ./supportFiles/spi.o ./supportFiles/tftGpio.o ./supportFiles/utils.o   -Wl,--start-group,-lxil,-lgcc,-lc,-lstdc++,--end-group
./supportFiles/interrupts.o: In function `timerIsr(void*)':
C:\Users\cdmoo\Desktop\BYU_FALL_2016\ECEN_330\XilinxWorkspace\Labs\Consolidated_330_SW\Debug/../supportFiles/interrupts.c:202: undefined reference to `isr_function()'
../../Consolidated_330_SW_bsp/ps7_cortexa9_0/lib\libxil.a(xil-crt0.o): In function `_start':
C:\Users\cdmoo\Desktop\BYU_FALL_2016\ECEN_330\XilinxWorkspace\Labs\Consolidated_330_SW_bsp\ps7_cortexa9_0\libsrc\standalone_v4_1\src/xil-crt0.S:149: undefined reference to `main'
collect2.exe: error: ld returned 1 exit status
make: *** [Consolidated_330_SW.elf] Error 1
10:28:18 **** Auto Build of configuration Debug for project Consolidated_330_SW ****
make all 
'Building file: ../src/switchesAndButtons/switchesAndButtonsLabMain.c'
'Invoking: ARM g++ compiler'
arm-xilinx-eabi-g++ -Wall -O0 -g3 -I"C:\Users\cdmoo\Desktop\BYU_FALL_2016\ECEN_330\XilinxWorkspace\Labs\Consolidated_330_SW" -c -fmessage-length=0 -I../../Consolidated_330_SW_bsp/ps7_cortexa9_0/include -MMD -MP -MF"src/switchesAndButtons/switchesAndButtonsLabMain.d" -MT"src/switchesAndButtons/switchesAndButtonsLabMain.d" -o "src/switchesAndButtons/switchesAndButtonsLabMain.o" "../src/switchesAndButtons/switchesAndButtonsLabMain.c"
'Finished building: ../src/switchesAndButtons/switchesAndButtonsLabMain.c'
' '
'Building target: Consolidated_330_SW.elf'
'Invoking: ARM g++ linker'
arm-xilinx-eabi-g++ -Wl,-T -Wl,../src/lscript.ld -L../../Consolidated_330_SW_bsp/ps7_cortexa9_0/lib -o "Consolidated_330_SW.elf"  ./supportFiles/Adafruit_GFX.o ./supportFiles/Adafruit_STMPE610.o ./supportFiles/Adafruit_TFTLCD.o ./supportFiles/Print.o ./supportFiles/WString.o ./supportFiles/bluetooth.o ./supportFiles/circularBuffer.o ./supportFiles/display.o ./supportFiles/glcdfont.o ./supportFiles/globalTimer.o ./supportFiles/interrupts.o ./supportFiles/lcd.o ./supportFiles/leds.o ./supportFiles/mio.o ./supportFiles/new.o ./supportFiles/spi.o ./supportFiles/tftGpio.o ./supportFiles/utils.o  ./src/switchesAndButtons/switchesAndButtonsLabMain.o   -Wl,--start-group,-lxil,-lgcc,-lc,-lstdc++,--end-group
./supportFiles/interrupts.o: In function `timerIsr(void*)':
C:\Users\cdmoo\Desktop\BYU_FALL_2016\ECEN_330\XilinxWorkspace\Labs\Consolidated_330_SW\Debug/../supportFiles/interrupts.c:202: undefined reference to `isr_function()'
../../Consolidated_330_SW_bsp/ps7_cortexa9_0/lib\libxil.a(xil-crt0.o): In function `_start':
C:\Users\cdmoo\Desktop\BYU_FALL_2016\ECEN_330\XilinxWorkspace\Labs\Consolidated_330_SW_bsp\ps7_cortexa9_0\libsrc\standalone_v4_1\src/xil-crt0.S:149: undefined reference to `main'
collect2.exe: error: ld returned 1 exit status
make: *** [Consolidated_330_SW.elf] Error 1
10:28:40 **** Auto Build of configuration Debug for project Consolidated_330_SW ****
make all 
'Building target: Consolidated_330_SW.elf'
'Invoking: ARM g++ linker'
arm-xilinx-eabi-g++ -Wl,-T -Wl,../src/lscript.ld -L../../Consolidated_330_SW_bsp/ps7_cortexa9_0/lib -o "Consolidated_330_SW.elf"  ./supportFiles/Adafruit_GFX.o ./supportFiles/Adafruit_STMPE610.o ./supportFiles/Adafruit_TFTLCD.o ./supportFiles/Print.o ./supportFiles/WString.o ./supportFiles/bluetooth.o ./supportFiles/circularBuffer.o ./supportFiles/display.o ./supportFiles/glcdfont.o ./supportFiles/globalTimer.o ./supportFiles/interrupts.o ./supportFiles/lcd.o ./supportFiles/leds.o ./supportFiles/mio.o ./supportFiles/new.o ./supportFiles/spi.o ./supportFiles/tftGpio.o ./supportFiles/utils.o  ./src/switchesAndButtons/switchesAndButtonsLabMain.o   -Wl,--start-group,-lxil,-lgcc,-lc,-lstdc++,--end-group
./supportFiles/interrupts.o: In function `timerIsr(void*)':
C:\Users\cdmoo\Desktop\BYU_FALL_2016\ECEN_330\XilinxWorkspace\Labs\Consolidated_330_SW\Debug/../supportFiles/interrupts.c:202: undefined reference to `isr_function()'
../../Consolidated_330_SW_bsp/ps7_cortexa9_0/lib\libxil.a(xil-crt0.o): In function `_start':
C:\Users\cdmoo\Desktop\BYU_FALL_2016\ECEN_330\XilinxWorkspace\Labs\Consolidated_330_SW_bsp\ps7_cortexa9_0\libsrc\standalone_v4_1\src/xil-crt0.S:149: undefined reference to `main'
collect2.exe: error: ld returned 1 exit status
make: *** [Consolidated_330_SW.elf] Error 1
10:29:09 **** Auto Build of configuration Debug for project Consolidated_330_SW ****
make all 
'Building file: ../src/switchesAndButtons/switches.c'
'Invoking: ARM g++ compiler'
arm-xilinx-eabi-g++ -Wall -O0 -g3 -I"C:\Users\cdmoo\Desktop\BYU_FALL_2016\ECEN_330\XilinxWorkspace\Labs\Consolidated_330_SW" -c -fmessage-length=0 -I../../Consolidated_330_SW_bsp/ps7_cortexa9_0/include -MMD -MP -MF"src/switchesAndButtons/switches.d" -MT"src/switchesAndButtons/switches.d" -o "src/switchesAndButtons/switches.o" "../src/switchesAndButtons/switches.c"
'Finished building: ../src/switchesAndButtons/switches.c'
' '
'Building target: Consolidated_330_SW.elf'
'Invoking: ARM g++ linker'
arm-xilinx-eabi-g++ -Wl,-T -Wl,../src/lscript.ld -L../../Consolidated_330_SW_bsp/ps7_cortexa9_0/lib -o "Consolidated_330_SW.elf"  ./supportFiles/Adafruit_GFX.o ./supportFiles/Adafruit_STMPE610.o ./supportFiles/Adafruit_TFTLCD.o ./supportFiles/Print.o ./supportFiles/WString.o ./supportFiles/bluetooth.o ./supportFiles/circularBuffer.o ./supportFiles/display.o ./supportFiles/glcdfont.o ./supportFiles/globalTimer.o ./supportFiles/interrupts.o ./supportFiles/lcd.o ./supportFiles/leds.o ./supportFiles/mio.o ./supportFiles/new.o ./supportFiles/spi.o ./supportFiles/tftGpio.o ./supportFiles/utils.o  ./src/switchesAndButtons/switches.o ./src/switchesAndButtons/switchesAndButtonsLabMain.o   -Wl,--start-group,-lxil,-lgcc,-lc,-lstdc++,--end-group
./supportFiles/interrupts.o: In function `timerIsr(void*)':
C:\Users\cdmoo\Desktop\BYU_FALL_2016\ECEN_330\XilinxWorkspace\Labs\Consolidated_330_SW\Debug/../supportFiles/interrupts.c:202: undefined reference to `isr_function()'
../../Consolidated_330_SW_bsp/ps7_cortexa9_0/lib\libxil.a(xil-crt0.o): In function `_start':
C:\Users\cdmoo\Desktop\BYU_FALL_2016\ECEN_330\XilinxWorkspace\Labs\Consolidated_330_SW_bsp\ps7_cortexa9_0\libsrc\standalone_v4_1\src/xil-crt0.S:149: undefined reference to `main'
collect2.exe: error: ld returned 1 exit status
make: *** [Consolidated_330_SW.elf] Error 1
10:29:21 **** Auto Build of configuration Debug for project Consolidated_330_SW ****
make all 
'Building target: Consolidated_330_SW.elf'
'Invoking: ARM g++ linker'
arm-xilinx-eabi-g++ -Wl,-T -Wl,../src/lscript.ld -L../../Consolidated_330_SW_bsp/ps7_cortexa9_0/lib -o "Consolidated_330_SW.elf"  ./supportFiles/Adafruit_GFX.o ./supportFiles/Adafruit_STMPE610.o ./supportFiles/Adafruit_TFTLCD.o ./supportFiles/Print.o ./supportFiles/WString.o ./supportFiles/bluetooth.o ./supportFiles/circularBuffer.o ./supportFiles/display.o ./supportFiles/glcdfont.o ./supportFiles/globalTimer.o ./supportFiles/interrupts.o ./supportFiles/lcd.o ./supportFiles/leds.o ./supportFiles/mio.o ./supportFiles/new.o ./supportFiles/spi.o ./supportFiles/tftGpio.o ./supportFiles/utils.o  ./src/switchesAndButtons/switches.o ./src/switchesAndButtons/switchesAndButtonsLabMain.o   -Wl,--start-group,-lxil,-lgcc,-lc,-lstdc++,--end-group
./supportFiles/interrupts.o: In function `timerIsr(void*)':
C:\Users\cdmoo\Desktop\BYU_FALL_2016\ECEN_330\XilinxWorkspace\Labs\Consolidated_330_SW\Debug/../supportFiles/interrupts.c:202: undefined reference to `isr_function()'
../../Consolidated_330_SW_bsp/ps7_cortexa9_0/lib\libxil.a(xil-crt0.o): In function `_start':
C:\Users\cdmoo\Desktop\BYU_FALL_2016\ECEN_330\XilinxWorkspace\Labs\Consolidated_330_SW_bsp\ps7_cortexa9_0\libsrc\standalone_v4_1\src/xil-crt0.S:149: undefined reference to `main'
collect2.exe: error: ld returned 1 exit status
make: *** [Consolidated_330_SW.elf] Error 1
10:29:43 **** Auto Build of configuration Debug for project Consolidated_330_SW ****
make all 
'Building file: ../src/switchesAndButtons/buttons.c'
'Invoking: ARM g++ compiler'
arm-xilinx-eabi-g++ -Wall -O0 -g3 -I"C:\Users\cdmoo\Desktop\BYU_FALL_2016\ECEN_330\XilinxWorkspace\Labs\Consolidated_330_SW" -c -fmessage-length=0 -I../../Consolidated_330_SW_bsp/ps7_cortexa9_0/include -MMD -MP -MF"src/switchesAndButtons/buttons.d" -MT"src/switchesAndButtons/buttons.d" -o "src/switchesAndButtons/buttons.o" "../src/switchesAndButtons/buttons.c"
'Finished building: ../src/switchesAndButtons/buttons.c'
' '
'Building target: Consolidated_330_SW.elf'
'Invoking: ARM g++ linker'
arm-xilinx-eabi-g++ -Wl,-T -Wl,../src/lscript.ld -L../../Consolidated_330_SW_bsp/ps7_cortexa9_0/lib -o "Consolidated_330_SW.elf"  ./supportFiles/Adafruit_GFX.o ./supportFiles/Adafruit_STMPE610.o ./supportFiles/Adafruit_TFTLCD.o ./supportFiles/Print.o ./supportFiles/WString.o ./supportFiles/bluetooth.o ./supportFiles/circularBuffer.o ./supportFiles/display.o ./supportFiles/glcdfont.o ./supportFiles/globalTimer.o ./supportFiles/interrupts.o ./supportFiles/lcd.o ./supportFiles/leds.o ./supportFiles/mio.o ./supportFiles/new.o ./supportFiles/spi.o ./supportFiles/tftGpio.o ./supportFiles/utils.o  ./src/switchesAndButtons/buttons.o ./src/switchesAndButtons/switches.o ./src/switchesAndButtons/switchesAndButtonsLabMain.o   -Wl,--start-group,-lxil,-lgcc,-lc,-lstdc++,--end-group
./supportFiles/interrupts.o: In function `timerIsr(void*)':
C:\Users\cdmoo\Desktop\BYU_FALL_2016\ECEN_330\XilinxWorkspace\Labs\Consolidated_330_SW\Debug/../supportFiles/interrupts.c:202: undefined reference to `isr_function()'
../../Consolidated_330_SW_bsp/ps7_cortexa9_0/lib\libxil.a(xil-crt0.o): In function `_start':
C:\Users\cdmoo\Desktop\BYU_FALL_2016\ECEN_330\XilinxWorkspace\Labs\Consolidated_330_SW_bsp\ps7_cortexa9_0\libsrc\standalone_v4_1\src/xil-crt0.S:149: undefined reference to `main'
collect2.exe: error: ld returned 1 exit status
make: *** [Consolidated_330_SW.elf] Error 1
10:29:59 **** Auto Build of configuration Debug for project Consolidated_330_SW ****
make all 
'Building file: ../src/switchesAndButtons/switchesAndButtonsLabMain.c'
'Invoking: ARM g++ compiler'
arm-xilinx-eabi-g++ -Wall -O0 -g3 -I"C:\Users\cdmoo\Desktop\BYU_FALL_2016\ECEN_330\XilinxWorkspace\Labs\Consolidated_330_SW" -c -fmessage-length=0 -I../../Consolidated_330_SW_bsp/ps7_cortexa9_0/include -MMD -MP -MF"src/switchesAndButtons/switchesAndButtonsLabMain.d" -MT"src/switchesAndButtons/switchesAndButtonsLabMain.d" -o "src/switchesAndButtons/switchesAndButtonsLabMain.o" "../src/switchesAndButtons/switchesAndButtonsLabMain.c"
'Finished building: ../src/switchesAndButtons/switchesAndButtonsLabMain.c'
' '
'Building target: Consolidated_330_SW.elf'
'Invoking: ARM g++ linker'
arm-xilinx-eabi-g++ -Wl,-T -Wl,../src/lscript.ld -L../../Consolidated_330_SW_bsp/ps7_cortexa9_0/lib -o "Consolidated_330_SW.elf"  ./supportFiles/Adafruit_GFX.o ./supportFiles/Adafruit_STMPE610.o ./supportFiles/Adafruit_TFTLCD.o ./supportFiles/Print.o ./supportFiles/WString.o ./supportFiles/bluetooth.o ./supportFiles/circularBuffer.o ./supportFiles/display.o ./supportFiles/glcdfont.o ./supportFiles/globalTimer.o ./supportFiles/interrupts.o ./supportFiles/lcd.o ./supportFiles/leds.o ./supportFiles/mio.o ./supportFiles/new.o ./supportFiles/spi.o ./supportFiles/tftGpio.o ./supportFiles/utils.o  ./src/switchesAndButtons/buttons.o ./src/switchesAndButtons/switches.o ./src/switchesAndButtons/switchesAndButtonsLabMain.o   -Wl,--start-group,-lxil,-lgcc,-lc,-lstdc++,--end-group
./supportFiles/interrupts.o: In function `timerIsr(void*)':
C:\Users\cdmoo\Desktop\BYU_FALL_2016\ECEN_330\XilinxWorkspace\Labs\Consolidated_330_SW\Debug/../supportFiles/interrupts.c:202: undefined reference to `isr_function()'
collect2.exe: error: ld returned 1 exit status
make: *** [Consolidated_330_SW.elf] Error 1
10:33:11 **** Auto Build of configuration Debug for project Consolidated_330_SW ****
make all 
'Building file: ../src/switchesAndButtons/switchesAndButtonsLabMain.c'
'Invoking: ARM g++ compiler'
arm-xilinx-eabi-g++ -Wall -O0 -g3 -I"C:\Users\cdmoo\Desktop\BYU_FALL_2016\ECEN_330\XilinxWorkspace\Labs\Consolidated_330_SW" -c -fmessage-length=0 -I../../Consolidated_330_SW_bsp/ps7_cortexa9_0/include -MMD -MP -MF"src/switchesAndButtons/switchesAndButtonsLabMain.d" -MT"src/switchesAndButtons/switchesAndButtonsLabMain.d" -o "src/switchesAndButtons/switchesAndButtonsLabMain.o" "../src/switchesAndButtons/switchesAndButtonsLabMain.c"
'Finished building: ../src/switchesAndButtons/switchesAndButtonsLabMain.c'
' '
'Building target: Consolidated_330_SW.elf'
'Invoking: ARM g++ linker'
arm-xilinx-eabi-g++ -Wl,-T -Wl,../src/lscript.ld -L../../Consolidated_330_SW_bsp/ps7_cortexa9_0/lib -o "Consolidated_330_SW.elf"  ./supportFiles/Adafruit_GFX.o ./supportFiles/Adafruit_STMPE610.o ./supportFiles/Adafruit_TFTLCD.o ./supportFiles/Print.o ./supportFiles/WString.o ./supportFiles/bluetooth.o ./supportFiles/circularBuffer.o ./supportFiles/display.o ./supportFiles/glcdfont.o ./supportFiles/globalTimer.o ./supportFiles/interrupts.o ./supportFiles/lcd.o ./supportFiles/leds.o ./supportFiles/mio.o ./supportFiles/new.o ./supportFiles/spi.o ./supportFiles/tftGpio.o ./supportFiles/utils.o  ./src/switchesAndButtons/buttons.o ./src/switchesAndButtons/switches.o ./src/switchesAndButtons/switchesAndButtonsLabMain.o   -Wl,--start-group,-lxil,-lgcc,-lc,-lstdc++,--end-group
./supportFiles/interrupts.o: In function `timerIsr(void*)':
C:\Users\cdmoo\Desktop\BYU_FALL_2016\ECEN_330\XilinxWorkspace\Labs\Consolidated_330_SW\Debug/../supportFiles/interrupts.c:202: undefined reference to `isr_function()'
collect2.exe: error: ld returned 1 exit status
make: *** [Consolidated_330_SW.elf] Error 1
10:33:35 **** Incremental Build of configuration Debug for project Consolidated_330_SW ****
make all 
'Building target: Consolidated_330_SW.elf'
'Invoking: ARM g++ linker'
arm-xilinx-eabi-g++ -Wl,-T -Wl,../src/lscript.ld -L../../Consolidated_330_SW_bsp/ps7_cortexa9_0/lib -o "Consolidated_330_SW.elf"  ./supportFiles/Adafruit_GFX.o ./supportFiles/Adafruit_STMPE610.o ./supportFiles/Adafruit_TFTLCD.o ./supportFiles/Print.o ./supportFiles/WString.o ./supportFiles/bluetooth.o ./supportFiles/circularBuffer.o ./supportFiles/display.o ./supportFiles/glcdfont.o ./supportFiles/globalTimer.o ./supportFiles/interrupts.o ./supportFiles/lcd.o ./supportFiles/leds.o ./supportFiles/mio.o ./supportFiles/new.o ./supportFiles/spi.o ./supportFiles/tftGpio.o ./supportFiles/utils.o  ./src/switchesAndButtons/buttons.o ./src/switchesAndButtons/switches.o ./src/switchesAndButtons/switchesAndButtonsLabMain.o   -Wl,--start-group,-lxil,-lgcc,-lc,-lstdc++,--end-group
./supportFiles/interrupts.o: In function `timerIsr(void*)':
C:\Users\cdmoo\Desktop\BYU_FALL_2016\ECEN_330\XilinxWorkspace\Labs\Consolidated_330_SW\Debug/../supportFiles/interrupts.c:202: undefined reference to `isr_function()'
collect2.exe: error: ld returned 1 exit status
make: *** [Consolidated_330_SW.elf] Error 1
10:33:36 **** Incremental Build of configuration Debug for project zynq_fsbl ****
make all 
make: Nothing to be done for `all'.
10:43:21 **** Incremental Build of configuration Debug for project Consolidated_330_SW ****
make all 
'Building target: Consolidated_330_SW.elf'
'Invoking: ARM g++ linker'
arm-xilinx-eabi-g++ -Wl,-T -Wl,../src/lscript.ld -L../../Consolidated_330_SW_bsp/ps7_cortexa9_0/lib -o "Consolidated_330_SW.elf"  ./supportFiles/Adafruit_GFX.o ./supportFiles/Adafruit_STMPE610.o ./supportFiles/Adafruit_TFTLCD.o ./supportFiles/Print.o ./supportFiles/WString.o ./supportFiles/bluetooth.o ./supportFiles/circularBuffer.o ./supportFiles/display.o ./supportFiles/glcdfont.o ./supportFiles/globalTimer.o ./supportFiles/interrupts.o ./supportFiles/lcd.o ./supportFiles/leds.o ./supportFiles/mio.o ./supportFiles/new.o ./supportFiles/spi.o ./supportFiles/tftGpio.o ./supportFiles/utils.o  ./src/switchesAndButtons/buttons.o ./src/switchesAndButtons/switches.o ./src/switchesAndButtons/switchesAndButtonsLabMain.o   -Wl,--start-group,-lxil,-lgcc,-lc,-lstdc++,--end-group
./supportFiles/interrupts.o: In function `timerIsr(void*)':
C:\Users\cdmoo\Desktop\BYU_FALL_2016\ECEN_330\XilinxWorkspace\Labs\Consolidated_330_SW\Debug/../supportFiles/interrupts.c:202: undefined reference to `isr_function()'
collect2.exe: error: ld returned 1 exit status
make: *** [Consolidated_330_SW.elf] Error 1
10:43:22 **** Incremental Build of configuration Debug for project zynq_fsbl ****
make all 
make: Nothing to be done for `all'.
10:45:19 **** Clean-only build of configuration Debug for project Consolidated_330_SW ****
make clean 
rm -rf  ./supportFiles/Adafruit_GFX.o ./supportFiles/Adafruit_STMPE610.o ./supportFiles/Adafruit_TFTLCD.o ./supportFiles/Print.o ./supportFiles/WString.o ./supportFiles/bluetooth.o ./supportFiles/circularBuffer.o ./supportFiles/display.o ./supportFiles/glcdfont.o ./supportFiles/globalTimer.o ./supportFiles/interrupts.o ./supportFiles/lcd.o ./supportFiles/leds.o ./supportFiles/mio.o ./supportFiles/new.o ./supportFiles/spi.o ./supportFiles/tftGpio.o ./supportFiles/utils.o  ./src/switchesAndButtons/buttons.o ./src/switchesAndButtons/switches.o ./src/switchesAndButtons/switchesAndButtonsLabMain.o  ./supportFiles/bluetooth.d ./supportFiles/circularBuffer.d ./supportFiles/glcdfont.d ./supportFiles/globalTimer.d ./supportFiles/interrupts.d ./supportFiles/lcd.d ./supportFiles/leds.d ./supportFiles/mio.d ./supportFiles/spi.d ./supportFiles/tftGpio.d  ./src/switchesAndButtons/buttons.d ./src/switchesAndButtons/switches.d ./src/switchesAndButtons/switchesAndButtonsLabMain.d  ./supportFiles/Adafruit_GFX.d ./supportFiles/Adafruit_STMPE610.d ./supportFiles/Adafruit_TFTLCD.d ./supportFiles/Print.d ./supportFiles/WString.d ./supportFiles/display.d ./supportFiles/new.d ./supportFiles/utils.d  Consolidated_330_SW.elf.size  Consolidated_330_SW.elf
' '
10:45:19 **** Auto Build of configuration Debug for project Consolidated_330_SW ****
make all 
'Building file: ../supportFiles/Adafruit_GFX.cpp'
'Invoking: ARM g++ compiler'
[...]
' '
21:32:16 **** Incremental Build of configuration Debug for project Consolidated_330_SW ****
make all 
make: Nothing to be done for `all'.
21:32:17 **** Incremental Build of configuration Debug for project zynq_fsbl ****
make all 
make: Nothing to be done for `all'.
21:32:29 **** Incremental Build of configuration Debug for project Consolidated_330_SW ****
make all 
make: Nothing to be done for `all'.
21:32:29 **** Incremental Build of configuration Debug for project zynq_fsbl ****
make all 
make: Nothing to be done for `all'.
21:33:51 **** Auto Build of configuration Debug for project Consolidated_330_SW ****
make all 
'Building file: ../src/switchesAndButtons/buttons.c'
'Invoking: ARM g++ compiler'
arm-xilinx-eabi-g++ -Wall -O0 -g3 -I"C:\Users\cdmoo\Desktop\BYU_FALL_2016\ECEN_330\XilinxWorkspace\Labs\Consolidated_330_SW" -c -fmessage-length=0 -MT"src/switchesAndButtons/buttons.o" -I../../Consolidated_330_SW_bsp/ps7_cortexa9_0/include -MMD -MP -MF"src/switchesAndButtons/buttons.d" -MT"src/switchesAndButtons/buttons.d" -o "src/switchesAndButtons/buttons.o" "../src/switchesAndButtons/buttons.c"
'Finished building: ../src/switchesAndButtons/buttons.c'
' '
'Building target: Consolidated_330_SW.elf'
'Invoking: ARM g++ linker'
arm-xilinx-eabi-g++ -Wl,-T -Wl,../src/lscript.ld -L../../Consolidated_330_SW_bsp/ps7_cortexa9_0/lib -o "Consolidated_330_SW.elf"  ./supportFiles/Adafruit_GFX.o ./supportFiles/Adafruit_STMPE610.o ./supportFiles/Adafruit_TFTLCD.o ./supportFiles/Print.o ./supportFiles/WString.o ./supportFiles/bluetooth.o ./supportFiles/circularBuffer.o ./supportFiles/display.o ./supportFiles/glcdfont.o ./supportFiles/globalTimer.o ./supportFiles/interrupts.o ./supportFiles/lcd.o ./supportFiles/leds.o ./supportFiles/mio.o ./supportFiles/new.o ./supportFiles/spi.o ./supportFiles/tftGpio.o ./supportFiles/utils.o  ./src/switchesAndButtons/buttons.o ./src/switchesAndButtons/switches.o ./src/switchesAndButtons/switchesAndButtonsLabMain.o   -Wl,--start-group,-lxil,-lgcc,-lc,-lstdc++,--end-group
'Finished building target: Consolidated_330_SW.elf'
' '
'Invoking: ARM Print Size'
arm-xilinx-eabi-size Consolidated_330_SW.elf  |tee "Consolidated_330_SW.elf.size"
   text	   data	    bss	    dec	    hex	filename
 200632	   3184	6010224	6214040	 5ed198	Consolidated_330_SW.elf
'Finished building: Consolidated_330_SW.elf.size'
' '
21:33:59 **** Incremental Build of configuration Debug for project Consolidated_330_SW ****
make all 
make: Nothing to be done for `all'.
21:34:00 **** Incremental Build of configuration Debug for project zynq_fsbl ****
make all 
make: Nothing to be done for `all'.
21:39:34 **** Incremental Build of configuration Debug for project Consolidated_330_SW ****
make all 
make: Nothing to be done for `all'.
21:39:35 **** Incremental Build of configuration Debug for project zynq_fsbl ****
make all 
make: Nothing to be done for `all'.
22:08:24 **** Auto Build of configuration Debug for project Consolidated_330_SW ****
make all 
'Building file: ../src/switchesAndButtons/buttons.c'
'Invoking: ARM g++ compiler'
arm-xilinx-eabi-g++ -Wall -O0 -g3 -I"C:\Users\cdmoo\Desktop\BYU_FALL_2016\ECEN_330\XilinxWorkspace\Labs\Consolidated_330_SW" -c -fmessage-length=0 -MT"src/switchesAndButtons/buttons.o" -I../../Consolidated_330_SW_bsp/ps7_cortexa9_0/include -MMD -MP -MF"src/switchesAndButtons/buttons.d" -MT"src/switchesAndButtons/buttons.d" -o "src/switchesAndButtons/buttons.o" "../src/switchesAndButtons/buttons.c"
'Finished building: ../src/switchesAndButtons/buttons.c'
' '
'Building target: Consolidated_330_SW.elf'
'Invoking: ARM g++ linker'
arm-xilinx-eabi-g++ -Wl,-T -Wl,../src/lscript.ld -L../../Consolidated_330_SW_bsp/ps7_cortexa9_0/lib -o "Consolidated_330_SW.elf"  ./supportFiles/Adafruit_GFX.o ./supportFiles/Adafruit_STMPE610.o ./supportFiles/Adafruit_TFTLCD.o ./supportFiles/Print.o ./supportFiles/WString.o ./supportFiles/bluetooth.o ./supportFiles/circularBuffer.o ./supportFiles/display.o ./supportFiles/glcdfont.o ./supportFiles/globalTimer.o ./supportFiles/interrupts.o ./supportFiles/lcd.o ./supportFiles/leds.o ./supportFiles/mio.o ./supportFiles/new.o ./supportFiles/spi.o ./supportFiles/tftGpio.o ./supportFiles/utils.o  ./src/switchesAndButtons/buttons.o ./src/switchesAndButtons/switches.o ./src/switchesAndButtons/switchesAndButtonsLabMain.o   -Wl,--start-group,-lxil,-lgcc,-lc,-lstdc++,--end-group
'Finished building target: Consolidated_330_SW.elf'
' '
'Invoking: ARM Print Size'
arm-xilinx-eabi-size Consolidated_330_SW.elf  |tee "Consolidated_330_SW.elf.size"
   text	   data	    bss	    dec	    hex	filename
 200632	   3184	6010224	6214040	 5ed198	Consolidated_330_SW.elf
'Finished building: Consolidated_330_SW.elf.size'
' '
22:16:18 **** Incremental Build of configuration Debug for project Consolidated_330_SW ****
make all 
make: Nothing to be done for `all'.
22:16:19 **** Incremental Build of configuration Debug for project zynq_fsbl ****
make all 
make: Nothing to be done for `all'.
22:16:26 **** Auto Build of configuration Debug for project Consolidated_330_SW ****
make all 
'Building file: ../src/switchesAndButtons/buttons.c'
'Invoking: ARM g++ compiler'
arm-xilinx-eabi-g++ -Wall -O0 -g3 -I"C:\Users\cdmoo\Desktop\BYU_FALL_2016\ECEN_330\XilinxWorkspace\Labs\Consolidated_330_SW" -c -fmessage-length=0 -MT"src/switchesAndButtons/buttons.o" -I../../Consolidated_330_SW_bsp/ps7_cortexa9_0/include -MMD -MP -MF"src/switchesAndButtons/buttons.d" -MT"src/switchesAndButtons/buttons.d" -o "src/switchesAndButtons/buttons.o" "../src/switchesAndButtons/buttons.c"
'Finished building: ../src/switchesAndButtons/buttons.c'
' '
'Building target: Consolidated_330_SW.elf'
'Invoking: ARM g++ linker'
arm-xilinx-eabi-g++ -Wl,-T -Wl,../src/lscript.ld -L../../Consolidated_330_SW_bsp/ps7_cortexa9_0/lib -o "Consolidated_330_SW.elf"  ./supportFiles/Adafruit_GFX.o ./supportFiles/Adafruit_STMPE610.o ./supportFiles/Adafruit_TFTLCD.o ./supportFiles/Print.o ./supportFiles/WString.o ./supportFiles/bluetooth.o ./supportFiles/circularBuffer.o ./supportFiles/display.o ./supportFiles/glcdfont.o ./supportFiles/globalTimer.o ./supportFiles/interrupts.o ./supportFiles/lcd.o ./supportFiles/leds.o ./supportFiles/mio.o ./supportFiles/new.o ./supportFiles/spi.o ./supportFiles/tftGpio.o ./supportFiles/utils.o  ./src/switchesAndButtons/buttons.o ./src/switchesAndButtons/switches.o ./src/switchesAndButtons/switchesAndButtonsLabMain.o   -Wl,--start-group,-lxil,-lgcc,-lc,-lstdc++,--end-group
'Finished building target: Consolidated_330_SW.elf'
' '
'Invoking: ARM Print Size'
arm-xilinx-eabi-size Consolidated_330_SW.elf  |tee "Consolidated_330_SW.elf.size"
   text	   data	    bss	    dec	    hex	filename
 200632	   3184	6010224	6214040	 5ed198	Consolidated_330_SW.elf
'Finished building: Consolidated_330_SW.elf.size'
' '
22:17:36 **** Auto Build of configuration Debug for project Consolidated_330_SW ****
make all 
'Building file: ../src/switchesAndButtons/buttons.c'
'Invoking: ARM g++ compiler'
arm-xilinx-eabi-g++ -Wall -O0 -g3 -I"C:\Users\cdmoo\Desktop\BYU_FALL_2016\ECEN_330\XilinxWorkspace\Labs\Consolidated_330_SW" -c -fmessage-length=0 -MT"src/switchesAndButtons/buttons.o" -I../../Consolidated_330_SW_bsp/ps7_cortexa9_0/include -MMD -MP -MF"src/switchesAndButtons/buttons.d" -MT"src/switchesAndButtons/buttons.d" -o "src/switchesAndButtons/buttons.o" "../src/switchesAndButtons/buttons.c"
'Finished building: ../src/switchesAndButtons/buttons.c'
' '
'Building target: Consolidated_330_SW.elf'
'Invoking: ARM g++ linker'
arm-xilinx-eabi-g++ -Wl,-T -Wl,../src/lscript.ld -L../../Consolidated_330_SW_bsp/ps7_cortexa9_0/lib -o "Consolidated_330_SW.elf"  ./supportFiles/Adafruit_GFX.o ./supportFiles/Adafruit_STMPE610.o ./supportFiles/Adafruit_TFTLCD.o ./supportFiles/Print.o ./supportFiles/WString.o ./supportFiles/bluetooth.o ./supportFiles/circularBuffer.o ./supportFiles/display.o ./supportFiles/glcdfont.o ./supportFiles/globalTimer.o ./supportFiles/interrupts.o ./supportFiles/lcd.o ./supportFiles/leds.o ./supportFiles/mio.o ./supportFiles/new.o ./supportFiles/spi.o ./supportFiles/tftGpio.o ./supportFiles/utils.o  ./src/switchesAndButtons/buttons.o ./src/switchesAndButtons/switches.o ./src/switchesAndButtons/switchesAndButtonsLabMain.o   -Wl,--start-group,-lxil,-lgcc,-lc,-lstdc++,--end-group
'Finished building target: Consolidated_330_SW.elf'
' '
'Invoking: ARM Print Size'
arm-xilinx-eabi-size Consolidated_330_SW.elf  |tee "Consolidated_330_SW.elf.size"
   text	   data	    bss	    dec	    hex	filename
 200632	   3184	6010224	6214040	 5ed198	Consolidated_330_SW.elf
'Finished building: Consolidated_330_SW.elf.size'
' '
22:21:47 **** Auto Build of configuration Debug for project Consolidated_330_SW ****
make all 
'Building file: ../src/switchesAndButtons/buttons.c'
'Invoking: ARM g++ compiler'
arm-xilinx-eabi-g++ -Wall -O0 -g3 -I"C:\Users\cdmoo\Desktop\BYU_FALL_2016\ECEN_330\XilinxWorkspace\Labs\Consolidated_330_SW" -c -fmessage-length=0 -MT"src/switchesAndButtons/buttons.o" -I../../Consolidated_330_SW_bsp/ps7_cortexa9_0/include -MMD -MP -MF"src/switchesAndButtons/buttons.d" -MT"src/switchesAndButtons/buttons.d" -o "src/switchesAndButtons/buttons.o" "../src/switchesAndButtons/buttons.c"
'Finished building: ../src/switchesAndButtons/buttons.c'
' '
'Building target: Consolidated_330_SW.elf'
'Invoking: ARM g++ linker'
arm-xilinx-eabi-g++ -Wl,-T -Wl,../src/lscript.ld -L../../Consolidated_330_SW_bsp/ps7_cortexa9_0/lib -o "Consolidated_330_SW.elf"  ./supportFiles/Adafruit_GFX.o ./supportFiles/Adafruit_STMPE610.o ./supportFiles/Adafruit_TFTLCD.o ./supportFiles/Print.o ./supportFiles/WString.o ./supportFiles/bluetooth.o ./supportFiles/circularBuffer.o ./supportFiles/display.o ./supportFiles/glcdfont.o ./supportFiles/globalTimer.o ./supportFiles/interrupts.o ./supportFiles/lcd.o ./supportFiles/leds.o ./supportFiles/mio.o ./supportFiles/new.o ./supportFiles/spi.o ./supportFiles/tftGpio.o ./supportFiles/utils.o  ./src/switchesAndButtons/buttons.o ./src/switchesAndButtons/switches.o ./src/switchesAndButtons/switchesAndButtonsLabMain.o   -Wl,--start-group,-lxil,-lgcc,-lc,-lstdc++,--end-group
'Finished building target: Consolidated_330_SW.elf'
' '
'Invoking: ARM Print Size'
arm-xilinx-eabi-size Consolidated_330_SW.elf  |tee "Consolidated_330_SW.elf.size"
   text	   data	    bss	    dec	    hex	filename
 200632	   3184	6010224	6214040	 5ed198	Consolidated_330_SW.elf
'Finished building: Consolidated_330_SW.elf.size'
' '
22:25:23 **** Auto Build of configuration Debug for project Consolidated_330_SW ****
make all 
'Building file: ../src/switchesAndButtons/buttons.c'
'Invoking: ARM g++ compiler'
arm-xilinx-eabi-g++ -Wall -O0 -g3 -I"C:\Users\cdmoo\Desktop\BYU_FALL_2016\ECEN_330\XilinxWorkspace\Labs\Consolidated_330_SW" -c -fmessage-length=0 -MT"src/switchesAndButtons/buttons.o" -I../../Consolidated_330_SW_bsp/ps7_cortexa9_0/include -MMD -MP -MF"src/switchesAndButtons/buttons.d" -MT"src/switchesAndButtons/buttons.d" -o "src/switchesAndButtons/buttons.o" "../src/switchesAndButtons/buttons.c"
'Finished building: ../src/switchesAndButtons/buttons.c'
' '
'Building file: ../src/switchesAndButtons/switchesAndButtonsLabMain.c'
'Invoking: ARM g++ compiler'
arm-xilinx-eabi-g++ -Wall -O0 -g3 -I"C:\Users\cdmoo\Desktop\BYU_FALL_2016\ECEN_330\XilinxWorkspace\Labs\Consolidated_330_SW" -c -fmessage-length=0 -MT"src/switchesAndButtons/switchesAndButtonsLabMain.o" -I../../Consolidated_330_SW_bsp/ps7_cortexa9_0/include -MMD -MP -MF"src/switchesAndButtons/switchesAndButtonsLabMain.d" -MT"src/switchesAndButtons/switchesAndButtonsLabMain.d" -o "src/switchesAndButtons/switchesAndButtonsLabMain.o" "../src/switchesAndButtons/switchesAndButtonsLabMain.c"
'Finished building: ../src/switchesAndButtons/switchesAndButtonsLabMain.c'
' '
'Building target: Consolidated_330_SW.elf'
'Invoking: ARM g++ linker'
arm-xilinx-eabi-g++ -Wl,-T -Wl,../src/lscript.ld -L../../Consolidated_330_SW_bsp/ps7_cortexa9_0/lib -o "Consolidated_330_SW.elf"  ./supportFiles/Adafruit_GFX.o ./supportFiles/Adafruit_STMPE610.o ./supportFiles/Adafruit_TFTLCD.o ./supportFiles/Print.o ./supportFiles/WString.o ./supportFiles/bluetooth.o ./supportFiles/circularBuffer.o ./supportFiles/display.o ./supportFiles/glcdfont.o ./supportFiles/globalTimer.o ./supportFiles/interrupts.o ./supportFiles/lcd.o ./supportFiles/leds.o ./supportFiles/mio.o ./supportFiles/new.o ./supportFiles/spi.o ./supportFiles/tftGpio.o ./supportFiles/utils.o  ./src/switchesAndButtons/buttons.o ./src/switchesAndButtons/switches.o ./src/switchesAndButtons/switchesAndButtonsLabMain.o   -Wl,--start-group,-lxil,-lgcc,-lc,-lstdc++,--end-group
'Finished building target: Consolidated_330_SW.elf'
' '
'Invoking: ARM Print Size'
arm-xilinx-eabi-size Consolidated_330_SW.elf  |tee "Consolidated_330_SW.elf.size"
   text	   data	    bss	    dec	    hex	filename
 200632	   3184	6010224	6214040	 5ed198	Consolidated_330_SW.elf
'Finished building: Consolidated_330_SW.elf.size'
' '
22:29:03 **** Auto Build of configuration Debug for project Consolidated_330_SW ****
make all 
'Building file: ../src/switchesAndButtons/switches.c'
'Invoking: ARM g++ compiler'
arm-xilinx-eabi-g++ -Wall -O0 -g3 -I"C:\Users\cdmoo\Desktop\BYU_FALL_2016\ECEN_330\XilinxWorkspace\Labs\Consolidated_330_SW" -c -fmessage-length=0 -MT"src/switchesAndButtons/switches.o" -I../../Consolidated_330_SW_bsp/ps7_cortexa9_0/include -MMD -MP -MF"src/switchesAndButtons/switches.d" -MT"src/switchesAndButtons/switches.d" -o "src/switchesAndButtons/switches.o" "../src/switchesAndButtons/switches.c"
'Finished building: ../src/switchesAndButtons/switches.c'
' '
'Building target: Consolidated_330_SW.elf'
'Invoking: ARM g++ linker'
arm-xilinx-eabi-g++ -Wl,-T -Wl,../src/lscript.ld -L../../Consolidated_330_SW_bsp/ps7_cortexa9_0/lib -o "Consolidated_330_SW.elf"  ./supportFiles/Adafruit_GFX.o ./supportFiles/Adafruit_STMPE610.o ./supportFiles/Adafruit_TFTLCD.o ./supportFiles/Print.o ./supportFiles/WString.o ./supportFiles/bluetooth.o ./supportFiles/circularBuffer.o ./supportFiles/display.o ./supportFiles/glcdfont.o ./supportFiles/globalTimer.o ./supportFiles/interrupts.o ./supportFiles/lcd.o ./supportFiles/leds.o ./supportFiles/mio.o ./supportFiles/new.o ./supportFiles/spi.o ./supportFiles/tftGpio.o ./supportFiles/utils.o  ./src/switchesAndButtons/buttons.o ./src/switchesAndButtons/switches.o ./src/switchesAndButtons/switchesAndButtonsLabMain.o   -Wl,--start-group,-lxil,-lgcc,-lc,-lstdc++,--end-group
'Finished building target: Consolidated_330_SW.elf'
' '
'Invoking: ARM Print Size'
arm-xilinx-eabi-size Consolidated_330_SW.elf  |tee "Consolidated_330_SW.elf.size"
   text	   data	    bss	    dec	    hex	filename
 200632	   3184	6010224	6214040	 5ed198	Consolidated_330_SW.elf
'Finished building: Consolidated_330_SW.elf.size'
' '
22:31:39 **** Auto Build of configuration Debug for project Consolidated_330_SW ****
make all 
'Building file: ../src/switchesAndButtons/switches.c'
'Invoking: ARM g++ compiler'
arm-xilinx-eabi-g++ -Wall -O0 -g3 -I"C:\Users\cdmoo\Desktop\BYU_FALL_2016\ECEN_330\XilinxWorkspace\Labs\Consolidated_330_SW" -c -fmessage-length=0 -MT"src/switchesAndButtons/switches.o" -I../../Consolidated_330_SW_bsp/ps7_cortexa9_0/include -MMD -MP -MF"src/switchesAndButtons/switches.d" -MT"src/switchesAndButtons/switches.d" -o "src/switchesAndButtons/switches.o" "../src/switchesAndButtons/switches.c"
'Finished building: ../src/switchesAndButtons/switches.c'
' '
'Building file: ../src/switchesAndButtons/switchesAndButtonsLabMain.c'
'Invoking: ARM g++ compiler'
arm-xilinx-eabi-g++ -Wall -O0 -g3 -I"C:\Users\cdmoo\Desktop\BYU_FALL_2016\ECEN_330\XilinxWorkspace\Labs\Consolidated_330_SW" -c -fmessage-length=0 -MT"src/switchesAndButtons/switchesAndButtonsLabMain.o" -I../../Consolidated_330_SW_bsp/ps7_cortexa9_0/include -MMD -MP -MF"src/switchesAndButtons/switchesAndButtonsLabMain.d" -MT"src/switchesAndButtons/switchesAndButtonsLabMain.d" -o "src/switchesAndButtons/switchesAndButtonsLabMain.o" "../src/switchesAndButtons/switchesAndButtonsLabMain.c"
'Finished building: ../src/switchesAndButtons/switchesAndButtonsLabMain.c'
' '
'Building target: Consolidated_330_SW.elf'
'Invoking: ARM g++ linker'
arm-xilinx-eabi-g++ -Wl,-T -Wl,../src/lscript.ld -L../../Consolidated_330_SW_bsp/ps7_cortexa9_0/lib -o "Consolidated_330_SW.elf"  ./supportFiles/Adafruit_GFX.o ./supportFiles/Adafruit_STMPE610.o ./supportFiles/Adafruit_TFTLCD.o ./supportFiles/Print.o ./supportFiles/WString.o ./supportFiles/bluetooth.o ./supportFiles/circularBuffer.o ./supportFiles/display.o ./supportFiles/glcdfont.o ./supportFiles/globalTimer.o ./supportFiles/interrupts.o ./supportFiles/lcd.o ./supportFiles/leds.o ./supportFiles/mio.o ./supportFiles/new.o ./supportFiles/spi.o ./supportFiles/tftGpio.o ./supportFiles/utils.o  ./src/switchesAndButtons/buttons.o ./src/switchesAndButtons/switches.o ./src/switchesAndButtons/switchesAndButtonsLabMain.o   -Wl,--start-group,-lxil,-lgcc,-lc,-lstdc++,--end-group
'Finished building target: Consolidated_330_SW.elf'
' '
'Invoking: ARM Print Size'
arm-xilinx-eabi-size Consolidated_330_SW.elf  |tee "Consolidated_330_SW.elf.size"
   text	   data	    bss	    dec	    hex	filename
 200632	   3184	6010224	6214040	 5ed198	Consolidated_330_SW.elf
'Finished building: Consolidated_330_SW.elf.size'
' '
22:32:51 **** Auto Build of configuration Debug for project Consolidated_330_SW ****
make all 
'Building file: ../src/switchesAndButtons/switchesAndButtonsLabMain.c'
'Invoking: ARM g++ compiler'
arm-xilinx-eabi-g++ -Wall -O0 -g3 -I"C:\Users\cdmoo\Desktop\BYU_FALL_2016\ECEN_330\XilinxWorkspace\Labs\Consolidated_330_SW" -c -fmessage-length=0 -MT"src/switchesAndButtons/switchesAndButtonsLabMain.o" -I../../Consolidated_330_SW_bsp/ps7_cortexa9_0/include -MMD -MP -MF"src/switchesAndButtons/switchesAndButtonsLabMain.d" -MT"src/switchesAndButtons/switchesAndButtonsLabMain.d" -o "src/switchesAndButtons/switchesAndButtonsLabMain.o" "../src/switchesAndButtons/switchesAndButtonsLabMain.c"
'Finished building: ../src/switchesAndButtons/switchesAndButtonsLabMain.c'
' '
'Building target: Consolidated_330_SW.elf'
'Invoking: ARM g++ linker'
arm-xilinx-eabi-g++ -Wl,-T -Wl,../src/lscript.ld -L../../Consolidated_330_SW_bsp/ps7_cortexa9_0/lib -o "Consolidated_330_SW.elf"  ./supportFiles/Adafruit_GFX.o ./supportFiles/Adafruit_STMPE610.o ./supportFiles/Adafruit_TFTLCD.o ./supportFiles/Print.o ./supportFiles/WString.o ./supportFiles/bluetooth.o ./supportFiles/circularBuffer.o ./supportFiles/display.o ./supportFiles/glcdfont.o ./supportFiles/globalTimer.o ./supportFiles/interrupts.o ./supportFiles/lcd.o ./supportFiles/leds.o ./supportFiles/mio.o ./supportFiles/new.o ./supportFiles/spi.o ./supportFiles/tftGpio.o ./supportFiles/utils.o  ./src/switchesAndButtons/buttons.o ./src/switchesAndButtons/switches.o ./src/switchesAndButtons/switchesAndButtonsLabMain.o   -Wl,--start-group,-lxil,-lgcc,-lc,-lstdc++,--end-group
'Finished building target: Consolidated_330_SW.elf'
' '
'Invoking: ARM Print Size'
arm-xilinx-eabi-size Consolidated_330_SW.elf  |tee "Consolidated_330_SW.elf.size"
   text	   data	    bss	    dec	    hex	filename
 200632	   3184	6010224	6214040	 5ed198	Consolidated_330_SW.elf
'Finished building: Consolidated_330_SW.elf.size'
' '
22:33:21 **** Incremental Build of configuration Debug for project Consolidated_330_SW ****
make all 
make: Nothing to be done for `all'.
22:33:22 **** Incremental Build of configuration Debug for project zynq_fsbl ****
make all 
make: Nothing to be done for `all'.
22:35:37 **** Incremental Build of configuration Debug for project Consolidated_330_SW ****
make all 
make: Nothing to be done for `all'.
22:35:38 **** Incremental Build of configuration Debug for project zynq_fsbl ****
make all 
make: Nothing to be done for `all'.
22:36:17 **** Incremental Build of configuration Debug for project Consolidated_330_SW ****
make all 
make: Nothing to be done for `all'.
22:36:18 **** Incremental Build of configuration Debug for project zynq_fsbl ****
make all 
make: Nothing to be done for `all'.
